Component: ARM Compiler 5.06 update 6 (build 750) Tool: armlink [4d35ed]

==============================================================================

Section Cross References

    startup_stm32f051x8.o(RESET) refers to startup_stm32f051x8.o(STACK) for __initial_sp
    startup_stm32f051x8.o(RESET) refers to startup_stm32f051x8.o(.text) for Reset_Handler
    startup_stm32f051x8.o(RESET) refers to stm32f0xx_it.o(i.NMI_Handler) for NMI_Handler
    startup_stm32f051x8.o(RESET) refers to stm32f0xx_it.o(i.HardFault_Handler) for HardFault_Handler
    startup_stm32f051x8.o(RESET) refers to stm32f0xx_it.o(i.SVC_Handler) for SVC_Handler
    startup_stm32f051x8.o(RESET) refers to stm32f0xx_it.o(i.PendSV_Handler) for PendSV_Handler
    startup_stm32f051x8.o(RESET) refers to stm32f0xx_it.o(i.SysTick_Handler) for SysTick_Handler
    startup_stm32f051x8.o(RESET) refers to stm32f0xx_it.o(i.ADC1_COMP_IRQHandler) for ADC1_COMP_IRQHandler
    startup_stm32f051x8.o(.text) refers to system_stm32f0xx.o(i.SystemInit) for SystemInit
    startup_stm32f051x8.o(.text) refers to entry.o(.ARM.Collect$$$$00000000) for __main
    main.o(i.HAL_ADC_ConvCpltCallback) refers to stm32f0xx_hal_adc.o(i.HAL_ADC_GetValue) for HAL_ADC_GetValue
    main.o(i.HAL_ADC_ConvCpltCallback) refers to main.o(.data) for .data
    main.o(i.MX_ADC_Init) refers to stm32f0xx_hal_adc.o(i.HAL_ADC_Init) for HAL_ADC_Init
    main.o(i.MX_ADC_Init) refers to stm32f0xx_hal_adc.o(i.HAL_ADC_ConfigChannel) for HAL_ADC_ConfigChannel
    main.o(i.MX_ADC_Init) refers to main.o(.bss) for .bss
    main.o(i.MX_GPIO_Init) refers to memseta.o(.text) for __aeabi_memclr4
    main.o(i.MX_GPIO_Init) refers to stm32f0xx_hal_gpio.o(i.HAL_GPIO_WritePin) for HAL_GPIO_WritePin
    main.o(i.MX_GPIO_Init) refers to stm32f0xx_hal_gpio.o(i.HAL_GPIO_Init) for HAL_GPIO_Init
    main.o(i.MX_USART2_UART_Init) refers to stm32f0xx_hal_uart.o(i.HAL_UART_Init) for HAL_UART_Init
    main.o(i.MX_USART2_UART_Init) refers to main.o(.bss) for .bss
    main.o(i.SystemClock_Config) refers to memseta.o(.text) for __aeabi_memclr4
    main.o(i.SystemClock_Config) refers to stm32f0xx_hal_rcc.o(i.HAL_RCC_OscConfig) for HAL_RCC_OscConfig
    main.o(i.SystemClock_Config) refers to stm32f0xx_hal_rcc.o(i.HAL_RCC_ClockConfig) for HAL_RCC_ClockConfig
    main.o(i.main) refers to stm32f0xx_hal.o(i.HAL_Init) for HAL_Init
    main.o(i.main) refers to main.o(i.SystemClock_Config) for SystemClock_Config
    main.o(i.main) refers to main.o(i.MX_GPIO_Init) for MX_GPIO_Init
    main.o(i.main) refers to main.o(i.MX_ADC_Init) for MX_ADC_Init
    main.o(i.main) refers to main.o(i.MX_USART2_UART_Init) for MX_USART2_UART_Init
    main.o(i.main) refers to main.o(i.updateSensorValues) for updateSensorValues
    main.o(i.main) refers to controller.o(i.startController) for startController
    main.o(i.main) refers to main.o(.bss) for .bss
    main.o(i.updateSensorValues) refers to stm32f0xx_hal_adc.o(i.HAL_ADC_Start_IT) for HAL_ADC_Start_IT
    main.o(i.updateSensorValues) refers to main.o(.bss) for .bss
    main.o(i.updateSensorValues) refers to main.o(.data) for .data
    stm32f0xx_it.o(i.ADC1_COMP_IRQHandler) refers to stm32f0xx_hal_adc.o(i.HAL_ADC_IRQHandler) for HAL_ADC_IRQHandler
    stm32f0xx_it.o(i.ADC1_COMP_IRQHandler) refers to main.o(.bss) for hadc
    stm32f0xx_it.o(i.SysTick_Handler) refers to stm32f0xx_hal.o(i.HAL_IncTick) for HAL_IncTick
    stm32f0xx_hal_msp.o(i.HAL_ADC_MspDeInit) refers to stm32f0xx_hal_gpio.o(i.HAL_GPIO_DeInit) for HAL_GPIO_DeInit
    stm32f0xx_hal_msp.o(i.HAL_ADC_MspDeInit) refers to stm32f0xx_hal_cortex.o(i.HAL_NVIC_DisableIRQ) for HAL_NVIC_DisableIRQ
    stm32f0xx_hal_msp.o(i.HAL_ADC_MspInit) refers to memseta.o(.text) for __aeabi_memclr4
    stm32f0xx_hal_msp.o(i.HAL_ADC_MspInit) refers to stm32f0xx_hal_gpio.o(i.HAL_GPIO_Init) for HAL_GPIO_Init
    stm32f0xx_hal_msp.o(i.HAL_ADC_MspInit) refers to stm32f0xx_hal_cortex.o(i.HAL_NVIC_SetPriority) for HAL_NVIC_SetPriority
    stm32f0xx_hal_msp.o(i.HAL_ADC_MspInit) refers to stm32f0xx_hal_cortex.o(i.HAL_NVIC_EnableIRQ) for HAL_NVIC_EnableIRQ
    stm32f0xx_hal_msp.o(i.HAL_UART_MspDeInit) refers to stm32f0xx_hal_gpio.o(i.HAL_GPIO_DeInit) for HAL_GPIO_DeInit
    stm32f0xx_hal_msp.o(i.HAL_UART_MspInit) refers to memseta.o(.text) for __aeabi_memclr4
    stm32f0xx_hal_msp.o(i.HAL_UART_MspInit) refers to stm32f0xx_hal_gpio.o(i.HAL_GPIO_Init) for HAL_GPIO_Init
    wifi.o(i.closeConnection) refers to wifi.o(i.transmit) for transmit
    wifi.o(i.connectToRouter) refers to memcpya.o(.text) for __aeabi_memcpy4
    wifi.o(i.connectToRouter) refers to wifi.o(i.transmit) for transmit
    wifi.o(i.connectToWifi) refers to wifi.o(i.restoreWiFi) for restoreWiFi
    wifi.o(i.connectToWifi) refers to stm32f0xx_hal.o(i.HAL_Delay) for HAL_Delay
    wifi.o(i.connectToWifi) refers to wifi.o(i.setCWMode) for setCWMode
    wifi.o(i.connectToWifi) refers to wifi.o(i.connectToRouter) for connectToRouter
[...]
    Removing stm32f0xx_hal_adc.o(i.HAL_ADC_MspInit), (2 bytes).
    Removing stm32f0xx_hal_adc.o(i.HAL_ADC_PollForConversion), (190 bytes).
    Removing stm32f0xx_hal_adc.o(i.HAL_ADC_PollForEvent), (116 bytes).
    Removing stm32f0xx_hal_adc.o(i.HAL_ADC_Start), (92 bytes).
    Removing stm32f0xx_hal_adc.o(i.HAL_ADC_Start_DMA), (160 bytes).
    Removing stm32f0xx_hal_adc.o(i.HAL_ADC_Stop), (62 bytes).
    Removing stm32f0xx_hal_adc.o(i.HAL_ADC_Stop_DMA), (112 bytes).
    Removing stm32f0xx_hal_adc.o(i.HAL_ADC_Stop_IT), (72 bytes).
    Removing stm32f0xx_hal_adc_ex.o(.rev16_text), (4 bytes).
    Removing stm32f0xx_hal_adc_ex.o(.revsh_text), (4 bytes).
    Removing stm32f0xx_hal_adc_ex.o(i.HAL_ADCEx_Calibration_Start), (176 bytes).
    Removing stm32f0xx_hal_rcc.o(.rev16_text), (4 bytes).
    Removing stm32f0xx_hal_rcc.o(.revsh_text), (4 bytes).
    Removing stm32f0xx_hal_rcc.o(i.HAL_RCC_CSSCallback), (2 bytes).
    Removing stm32f0xx_hal_rcc.o(i.HAL_RCC_DeInit), (188 bytes).
    Removing stm32f0xx_hal_rcc.o(i.HAL_RCC_DisableCSS), (20 bytes).
    Removing stm32f0xx_hal_rcc.o(i.HAL_RCC_EnableCSS), (20 bytes).
    Removing stm32f0xx_hal_rcc.o(i.HAL_RCC_GetClockConfig), (56 bytes).
    Removing stm32f0xx_hal_rcc.o(i.HAL_RCC_GetHCLKFreq), (12 bytes).
    Removing stm32f0xx_hal_rcc.o(i.HAL_RCC_GetOscConfig), (156 bytes).
    Removing stm32f0xx_hal_rcc.o(i.HAL_RCC_MCOConfig), (76 bytes).
    Removing stm32f0xx_hal_rcc.o(i.HAL_RCC_NMI_IRQHandler), (24 bytes).
    Removing stm32f0xx_hal_rcc_ex.o(.rev16_text), (4 bytes).
    Removing stm32f0xx_hal_rcc_ex.o(.revsh_text), (4 bytes).
    Removing stm32f0xx_hal_rcc_ex.o(i.HAL_RCCEx_GetPeriphCLKConfig), (60 bytes).
    Removing stm32f0xx_hal_rcc_ex.o(i.HAL_RCCEx_GetPeriphCLKFreq), (180 bytes).
    Removing stm32f0xx_hal_rcc_ex.o(i.HAL_RCCEx_PeriphCLKConfig), (248 bytes).
    Removing stm32f0xx_hal.o(.rev16_text), (4 bytes).
    Removing stm32f0xx_hal.o(.revsh_text), (4 bytes).
    Removing stm32f0xx_hal.o(i.HAL_DBGMCU_DisableDBGStandbyMode), (16 bytes).
    Removing stm32f0xx_hal.o(i.HAL_DBGMCU_DisableDBGStopMode), (16 bytes).
    Removing stm32f0xx_hal.o(i.HAL_DBGMCU_EnableDBGStandbyMode), (16 bytes).
    Removing stm32f0xx_hal.o(i.HAL_DBGMCU_EnableDBGStopMode), (16 bytes).
    Removing stm32f0xx_hal.o(i.HAL_DeInit), (36 bytes).
    Removing stm32f0xx_hal.o(i.HAL_GetDEVID), (16 bytes).
    Removing stm32f0xx_hal.o(i.HAL_GetHalVersion), (8 bytes).
    Removing stm32f0xx_hal.o(i.HAL_GetREVID), (12 bytes).
    Removing stm32f0xx_hal.o(i.HAL_GetTickFreq), (12 bytes).
    Removing stm32f0xx_hal.o(i.HAL_GetTickPrio), (12 bytes).
    Removing stm32f0xx_hal.o(i.HAL_GetUIDw0), (12 bytes).
    Removing stm32f0xx_hal.o(i.HAL_GetUIDw1), (12 bytes).
    Removing stm32f0xx_hal.o(i.HAL_GetUIDw2), (12 bytes).
    Removing stm32f0xx_hal.o(i.HAL_MspDeInit), (2 bytes).
    Removing stm32f0xx_hal.o(i.HAL_MspInit), (2 bytes).
    Removing stm32f0xx_hal.o(i.HAL_ResumeTick), (16 bytes).
    Removing stm32f0xx_hal.o(i.HAL_SetTickFreq), (36 bytes).
    Removing stm32f0xx_hal.o(i.HAL_SuspendTick), (16 bytes).
    Removing stm32f0xx_hal_i2c.o(.rev16_text), (4 bytes).
    Removing stm32f0xx_hal_i2c.o(.revsh_text), (4 bytes).
    Removing stm32f0xx_hal_i2c.o(i.HAL_I2C_AbortCpltCallback), (2 bytes).
    Removing stm32f0xx_hal_i2c.o(i.HAL_I2C_AddrCallback), (2 bytes).
    Removing stm32f0xx_hal_i2c.o(i.HAL_I2C_DeInit), (52 bytes).
    Removing stm32f0xx_hal_i2c.o(i.HAL_I2C_DisableListen_IT), (48 bytes).
    Removing stm32f0xx_hal_i2c.o(i.HAL_I2C_ER_IRQHandler), (94 bytes).
    Removing stm32f0xx_hal_i2c.o(i.HAL_I2C_EV_IRQHandler), (16 bytes).
    Removing stm32f0xx_hal_i2c.o(i.HAL_I2C_EnableListen_IT), (40 bytes).
    Removing stm32f0xx_hal_i2c.o(i.HAL_I2C_ErrorCallback), (2 bytes).
    Removing stm32f0xx_hal_i2c.o(i.HAL_I2C_GetError), (4 bytes).
    Removing stm32f0xx_hal_i2c.o(i.HAL_I2C_GetMode), (6 bytes).
    Removing stm32f0xx_hal_i2c.o(i.HAL_I2C_GetState), (6 bytes).
    Removing stm32f0xx_hal_i2c.o(i.HAL_I2C_Init), (180 bytes).
    Removing stm32f0xx_hal_i2c.o(i.HAL_I2C_IsDeviceReady), (288 bytes).
    Removing stm32f0xx_hal_i2c.o(i.HAL_I2C_ListenCpltCallback), (2 bytes).
    Removing stm32f0xx_hal_i2c.o(i.HAL_I2C_MasterRxCpltCallback), (2 bytes).
    Removing stm32f0xx_hal_i2c.o(i.HAL_I2C_MasterTxCpltCallback), (2 bytes).
    Removing stm32f0xx_hal_i2c.o(i.HAL_I2C_Master_Abort_IT), (92 bytes).
    Removing stm32f0xx_hal_i2c.o(i.HAL_I2C_Master_Receive), (272 bytes).
    Removing stm32f0xx_hal_i2c.o(i.HAL_I2C_Master_Receive_DMA), (280 bytes).
    Removing stm32f0xx_hal_i2c.o(i.HAL_I2C_Master_Receive_IT), (128 bytes).
    Removing stm32f0xx_hal_i2c.o(i.HAL_I2C_Master_Seq_Receive_DMA), (316 bytes).
    Removing stm32f0xx_hal_i2c.o(i.HAL_I2C_Master_Seq_Receive_IT), (156 bytes).
    Removing stm32f0xx_hal_i2c.o(i.HAL_I2C_Master_Seq_Transmit_DMA), (312 bytes).
    Removing stm32f0xx_hal_i2c.o(i.HAL_I2C_Master_Seq_Transmit_IT), (156 bytes).
    Removing stm32f0xx_hal_i2c.o(i.HAL_I2C_Master_Transmit), (272 bytes).
    Removing stm32f0xx_hal_i2c.o(i.HAL_I2C_Master_Transmit_DMA), (284 bytes).
    Removing stm32f0xx_hal_i2c.o(i.HAL_I2C_Master_Transmit_IT), (128 bytes).
    Removing stm32f0xx_hal_i2c.o(i.HAL_I2C_MemRxCpltCallback), (2 bytes).
    Removing stm32f0xx_hal_i2c.o(i.HAL_I2C_MemTxCpltCallback), (2 bytes).
    Removing stm32f0xx_hal_i2c.o(i.HAL_I2C_Mem_Read), (340 bytes).
    Removing stm32f0xx_hal_i2c.o(i.HAL_I2C_Mem_Read_DMA), (288 bytes).
    Removing stm32f0xx_hal_i2c.o(i.HAL_I2C_Mem_Read_IT), (188 bytes).
    Removing stm32f0xx_hal_i2c.o(i.HAL_I2C_Mem_Write), (332 bytes).
    Removing stm32f0xx_hal_i2c.o(i.HAL_I2C_Mem_Write_DMA), (280 bytes).
    Removing stm32f0xx_hal_i2c.o(i.HAL_I2C_Mem_Write_IT), (180 bytes).
    Removing stm32f0xx_hal_i2c.o(i.HAL_I2C_MspDeInit), (2 bytes).
    Removing stm32f0xx_hal_i2c.o(i.HAL_I2C_MspInit), (2 bytes).
    Removing stm32f0xx_hal_i2c.o(i.HAL_I2C_SlaveRxCpltCallback), (2 bytes).
    Removing stm32f0xx_hal_i2c.o(i.HAL_I2C_SlaveTxCpltCallback), (2 bytes).
    Removing stm32f0xx_hal_i2c.o(i.HAL_I2C_Slave_Receive), (276 bytes).
    Removing stm32f0xx_hal_i2c.o(i.HAL_I2C_Slave_Receive_DMA), (200 bytes).
    Removing stm32f0xx_hal_i2c.o(i.HAL_I2C_Slave_Receive_IT), (88 bytes).
    Removing stm32f0xx_hal_i2c.o(i.HAL_I2C_Slave_Seq_Receive_DMA), (360 bytes).
    Removing stm32f0xx_hal_i2c.o(i.HAL_I2C_Slave_Seq_Receive_IT), (200 bytes).
    Removing stm32f0xx_hal_i2c.o(i.HAL_I2C_Slave_Seq_Transmit_DMA), (364 bytes).
    Removing stm32f0xx_hal_i2c.o(i.HAL_I2C_Slave_Seq_Transmit_IT), (204 bytes).
    Removing stm32f0xx_hal_i2c.o(i.HAL_I2C_Slave_Transmit), (294 bytes).
    Removing stm32f0xx_hal_i2c.o(i.HAL_I2C_Slave_Transmit_DMA), (196 bytes).
    Removing stm32f0xx_hal_i2c.o(i.HAL_I2C_Slave_Transmit_IT), (88 bytes).
    Removing stm32f0xx_hal_i2c.o(i.I2C_ConvertOtherXferOptions), (28 bytes).
    Removing stm32f0xx_hal_i2c.o(i.I2C_DMAAbort), (40 bytes).
    Removing stm32f0xx_hal_i2c.o(i.I2C_DMAError), (24 bytes).
    Removing stm32f0xx_hal_i2c.o(i.I2C_DMAMasterReceiveCplt), (80 bytes).
    Removing stm32f0xx_hal_i2c.o(i.I2C_DMAMasterTransmitCplt), (80 bytes).
    Removing stm32f0xx_hal_i2c.o(i.I2C_DMASlaveReceiveCplt), (42 bytes).
    Removing stm32f0xx_hal_i2c.o(i.I2C_DMASlaveTransmitCplt), (36 bytes).
    Removing stm32f0xx_hal_i2c.o(i.I2C_Disable_IRQ), (84 bytes).
    Removing stm32f0xx_hal_i2c.o(i.I2C_Enable_IRQ), (100 bytes).
    Removing stm32f0xx_hal_i2c.o(i.I2C_Flush_TXDR), (34 bytes).
    Removing stm32f0xx_hal_i2c.o(i.I2C_ITAddrCplt), (122 bytes).
    Removing stm32f0xx_hal_i2c.o(i.I2C_ITError), (208 bytes).
    Removing stm32f0xx_hal_i2c.o(i.I2C_ITListenCplt), (100 bytes).
    Removing stm32f0xx_hal_i2c.o(i.I2C_ITMasterCplt), (164 bytes).
    Removing stm32f0xx_hal_i2c.o(i.I2C_ITMasterSeqCplt), (70 bytes).
    Removing stm32f0xx_hal_i2c.o(i.I2C_ITSlaveCplt), (244 bytes).
    Removing stm32f0xx_hal_i2c.o(i.I2C_ITSlaveSeqCplt), (74 bytes).
    Removing stm32f0xx_hal_i2c.o(i.I2C_IsAcknowledgeFailed), (112 bytes).
    Removing stm32f0xx_hal_i2c.o(i.I2C_Master_ISR_DMA), (268 bytes).
    Removing stm32f0xx_hal_i2c.o(i.I2C_Master_ISR_IT), (304 bytes).
    Removing stm32f0xx_hal_i2c.o(i.I2C_RequestMemoryRead), (96 bytes).
    Removing stm32f0xx_hal_i2c.o(i.I2C_RequestMemoryWrite), (96 bytes).
    Removing stm32f0xx_hal_i2c.o(i.I2C_Slave_ISR_DMA), (246 bytes).
    Removing stm32f0xx_hal_i2c.o(i.I2C_Slave_ISR_IT), (304 bytes).
    Removing stm32f0xx_hal_i2c.o(i.I2C_TransferConfig), (40 bytes).
    Removing stm32f0xx_hal_i2c.o(i.I2C_WaitOnFlagUntilTimeout), (78 bytes).
    Removing stm32f0xx_hal_i2c.o(i.I2C_WaitOnRXNEFlagUntilTimeout), (128 bytes).
    Removing stm32f0xx_hal_i2c.o(i.I2C_WaitOnSTOPFlagUntilTimeout), (76 bytes).
    Removing stm32f0xx_hal_i2c.o(i.I2C_WaitOnTXISFlagUntilTimeout), (80 bytes).
    Removing stm32f0xx_hal_i2c_ex.o(.rev16_text), (4 bytes).
    Removing stm32f0xx_hal_i2c_ex.o(.revsh_text), (4 bytes).
    Removing stm32f0xx_hal_i2c_ex.o(i.HAL_I2CEx_ConfigAnalogFilter), (74 bytes).
    Removing stm32f0xx_hal_i2c_ex.o(i.HAL_I2CEx_ConfigDigitalFilter), (72 bytes).
    Removing stm32f0xx_hal_i2c_ex.o(i.HAL_I2CEx_DisableFastModePlus), (36 bytes).
    Removing stm32f0xx_hal_i2c_ex.o(i.HAL_I2CEx_DisableWakeUp), (66 bytes).
    Removing stm32f0xx_hal_i2c_ex.o(i.HAL_I2CEx_EnableFastModePlus), (36 bytes).
    Removing stm32f0xx_hal_i2c_ex.o(i.HAL_I2CEx_EnableWakeUp), (66 bytes).
    Removing stm32f0xx_hal_gpio.o(.rev16_text), (4 bytes).
    Removing stm32f0xx_hal_gpio.o(.revsh_text), (4 bytes).
    Removing stm32f0xx_hal_gpio.o(i.HAL_GPIO_DeInit), (212 bytes).
    Removing stm32f0xx_hal_gpio.o(i.HAL_GPIO_EXTI_Callback), (2 bytes).
    Removing stm32f0xx_hal_gpio.o(i.HAL_GPIO_EXTI_IRQHandler), (24 bytes).
    Removing stm32f0xx_hal_gpio.o(i.HAL_GPIO_LockPin), (36 bytes).
    Removing stm32f0xx_hal_gpio.o(i.HAL_GPIO_ReadPin), (10 bytes).
    Removing stm32f0xx_hal_gpio.o(i.HAL_GPIO_TogglePin), (12 bytes).
    Removing stm32f0xx_hal_dma.o(.rev16_text), (4 bytes).
    Removing stm32f0xx_hal_dma.o(.revsh_text), (4 bytes).
    Removing stm32f0xx_hal_dma.o(i.DMA_CalcBaseAndBitshift), (36 bytes).
    Removing stm32f0xx_hal_dma.o(i.DMA_SetConfig), (40 bytes).
    Removing stm32f0xx_hal_dma.o(i.HAL_DMA_Abort), (64 bytes).
    Removing stm32f0xx_hal_dma.o(i.HAL_DMA_Abort_IT), (72 bytes).
    Removing stm32f0xx_hal_dma.o(i.HAL_DMA_DeInit), (74 bytes).
    Removing stm32f0xx_hal_dma.o(i.HAL_DMA_GetError), (4 bytes).
    Removing stm32f0xx_hal_dma.o(i.HAL_DMA_GetState), (6 bytes).
    Removing stm32f0xx_hal_dma.o(i.HAL_DMA_IRQHandler), (156 bytes).
    Removing stm32f0xx_hal_dma.o(i.HAL_DMA_Init), (84 bytes).
    Removing stm32f0xx_hal_dma.o(i.HAL_DMA_PollForTransfer), (176 bytes).
    Removing stm32f0xx_hal_dma.o(i.HAL_DMA_RegisterCallback), (72 bytes).
    Removing stm32f0xx_hal_dma.o(i.HAL_DMA_Start), (74 bytes).
    Removing stm32f0xx_hal_dma.o(i.HAL_DMA_Start_IT), (106 bytes).
    Removing stm32f0xx_hal_dma.o(i.HAL_DMA_UnRegisterCallback), (78 bytes).
    Removing stm32f0xx_hal_cortex.o(.rev16_text), (4 bytes).
    Removing stm32f0xx_hal_cortex.o(.revsh_text), (4 bytes).
    Removing stm32f0xx_hal_cortex.o(i.HAL_NVIC_ClearPendingIRQ), (24 bytes).
    Removing stm32f0xx_hal_cortex.o(i.HAL_NVIC_DisableIRQ), (32 bytes).
    Removing stm32f0xx_hal_cortex.o(i.HAL_NVIC_GetPendingIRQ), (32 bytes).
    Removing stm32f0xx_hal_cortex.o(i.HAL_NVIC_GetPriority), (52 bytes).
    Removing stm32f0xx_hal_cortex.o(i.HAL_NVIC_SetPendingIRQ), (24 bytes).
    Removing stm32f0xx_hal_cortex.o(i.HAL_NVIC_SystemReset), (28 bytes).
    Removing stm32f0xx_hal_cortex.o(i.HAL_SYSTICK_CLKSourceConfig), (24 bytes).
    Removing stm32f0xx_hal_cortex.o(i.HAL_SYSTICK_Callback), (2 bytes).
    Removing stm32f0xx_hal_cortex.o(i.HAL_SYSTICK_IRQHandler), (8 bytes).
    Removing stm32f0xx_hal_pwr.o(.rev16_text), (4 bytes).
    Removing stm32f0xx_hal_pwr.o(.revsh_text), (4 bytes).
    Removing stm32f0xx_hal_pwr.o(i.HAL_PWR_DeInit), (24 bytes).
    Removing stm32f0xx_hal_pwr.o(i.HAL_PWR_DisableBkUpAccess), (16 bytes).
    Removing stm32f0xx_hal_pwr.o(i.HAL_PWR_DisableSEVOnPend), (16 bytes).
    Removing stm32f0xx_hal_pwr.o(i.HAL_PWR_DisableSleepOnExit), (16 bytes).
    Removing stm32f0xx_hal_pwr.o(i.HAL_PWR_DisableWakeUpPin), (16 bytes).
    Removing stm32f0xx_hal_pwr.o(i.HAL_PWR_EnableBkUpAccess), (16 bytes).
    Removing stm32f0xx_hal_pwr.o(i.HAL_PWR_EnableSEVOnPend), (16 bytes).
    Removing stm32f0xx_hal_pwr.o(i.HAL_PWR_EnableSleepOnExit), (16 bytes).
    Removing stm32f0xx_hal_pwr.o(i.HAL_PWR_EnableWakeUpPin), (16 bytes).
    Removing stm32f0xx_hal_pwr.o(i.HAL_PWR_EnterSLEEPMode), (32 bytes).
    Removing stm32f0xx_hal_pwr.o(i.HAL_PWR_EnterSTANDBYMode), (32 bytes).
    Removing stm32f0xx_hal_pwr.o(i.HAL_PWR_EnterSTOPMode), (52 bytes).
    Removing stm32f0xx_hal_pwr_ex.o(.rev16_text), (4 bytes).
    Removing stm32f0xx_hal_pwr_ex.o(.revsh_text), (4 bytes).
    Removing stm32f0xx_hal_pwr_ex.o(i.HAL_PWR_ConfigPVD), (104 bytes).
    Removing stm32f0xx_hal_pwr_ex.o(i.HAL_PWR_DisablePVD), (16 bytes).
    Removing stm32f0xx_hal_pwr_ex.o(i.HAL_PWR_EnablePVD), (16 bytes).
    Removing stm32f0xx_hal_pwr_ex.o(i.HAL_PWR_PVDCallback), (2 bytes).
    Removing stm32f0xx_hal_pwr_ex.o(i.HAL_PWR_PVD_IRQHandler), (28 bytes).
    Removing stm32f0xx_hal_flash.o(.rev16_text), (4 bytes).
    Removing stm32f0xx_hal_flash.o(.revsh_text), (4 bytes).
    Removing stm32f0xx_hal_flash.o(i.FLASH_Program_HalfWord), (32 bytes).
    Removing stm32f0xx_hal_flash.o(i.FLASH_SetErrorCode), (56 bytes).
    Removing stm32f0xx_hal_flash.o(i.FLASH_WaitForLastOperation), (80 bytes).
    Removing stm32f0xx_hal_flash.o(i.HAL_FLASH_EndOfOperationCallback), (2 bytes).
    Removing stm32f0xx_hal_flash.o(i.HAL_FLASH_GetError), (12 bytes).
    Removing stm32f0xx_hal_flash.o(i.HAL_FLASH_IRQHandler), (268 bytes).
    Removing stm32f0xx_hal_flash.o(i.HAL_FLASH_Lock), (20 bytes).
    Removing stm32f0xx_hal_flash.o(i.HAL_FLASH_OB_Launch), (32 bytes).
    Removing stm32f0xx_hal_flash.o(i.HAL_FLASH_OB_Lock), (20 bytes).
    Removing stm32f0xx_hal_flash.o(i.HAL_FLASH_OB_Unlock), (36 bytes).
    Removing stm32f0xx_hal_flash.o(i.HAL_FLASH_OperationErrorCallback), (2 bytes).
    Removing stm32f0xx_hal_flash.o(i.HAL_FLASH_Program), (124 bytes).
    Removing stm32f0xx_hal_flash.o(i.HAL_FLASH_Program_IT), (100 bytes).
    Removing stm32f0xx_hal_flash.o(i.HAL_FLASH_Unlock), (40 bytes).
    Removing stm32f0xx_hal_flash.o(.bss), (32 bytes).
    Removing stm32f0xx_hal_flash_ex.o(.rev16_text), (4 bytes).
    Removing stm32f0xx_hal_flash_ex.o(.revsh_text), (4 bytes).
    Removing stm32f0xx_hal_flash_ex.o(i.FLASH_MassErase), (36 bytes).
    Removing stm32f0xx_hal_flash_ex.o(i.FLASH_OB_DisableWRP), (108 bytes).
    Removing stm32f0xx_hal_flash_ex.o(i.FLASH_OB_EnableWRP), (108 bytes).
    Removing stm32f0xx_hal_flash_ex.o(i.FLASH_OB_GetRDP), (32 bytes).
    Removing stm32f0xx_hal_flash_ex.o(i.FLASH_OB_RDP_LevelConfig), (96 bytes).
    Removing stm32f0xx_hal_flash_ex.o(i.FLASH_PageErase), (36 bytes).
    Removing stm32f0xx_hal_flash_ex.o(i.HAL_FLASHEx_Erase), (160 bytes).
    Removing stm32f0xx_hal_flash_ex.o(i.HAL_FLASHEx_Erase_IT), (88 bytes).
    Removing stm32f0xx_hal_flash_ex.o(i.HAL_FLASHEx_OBErase), (80 bytes).
    Removing stm32f0xx_hal_flash_ex.o(i.HAL_FLASHEx_OBGetConfig), (36 bytes).
    Removing stm32f0xx_hal_flash_ex.o(i.HAL_FLASHEx_OBGetUserData), (28 bytes).
    Removing stm32f0xx_hal_flash_ex.o(i.HAL_FLASHEx_OBProgram), (204 bytes).
    Removing stm32f0xx_hal_exti.o(.rev16_text), (4 bytes).
    Removing stm32f0xx_hal_exti.o(.revsh_text), (4 bytes).
    Removing stm32f0xx_hal_exti.o(i.HAL_EXTI_ClearConfigLine), (100 bytes).
    Removing stm32f0xx_hal_exti.o(i.HAL_EXTI_ClearPending), (20 bytes).
    Removing stm32f0xx_hal_exti.o(i.HAL_EXTI_GenerateSWI), (20 bytes).
    Removing stm32f0xx_hal_exti.o(i.HAL_EXTI_GetConfigLine), (148 bytes).
    Removing stm32f0xx_hal_exti.o(i.HAL_EXTI_GetHandle), (14 bytes).
    Removing stm32f0xx_hal_exti.o(i.HAL_EXTI_GetPending), (24 bytes).
    Removing stm32f0xx_hal_exti.o(i.HAL_EXTI_IRQHandler), (36 bytes).
    Removing stm32f0xx_hal_exti.o(i.HAL_EXTI_RegisterCallback), (16 bytes).
    Removing stm32f0xx_hal_exti.o(i.HAL_EXTI_SetConfigLine), (148 bytes).
    Removing stm32f0xx_hal_tim.o(.rev16_text), (4 bytes).
    Removing stm32f0xx_hal_tim.o(.revsh_text), (4 bytes).
    Removing stm32f0xx_hal_tim_ex.o(.rev16_text), (4 bytes).
    Removing stm32f0xx_hal_tim_ex.o(.revsh_text), (4 bytes).
    Removing stm32f0xx_hal_uart.o(.rev16_text), (4 bytes).
    Removing stm32f0xx_hal_uart.o(.revsh_text), (4 bytes).
    Removing stm32f0xx_hal_uart.o(i.HAL_HalfDuplex_EnableReceiver), (54 bytes).
    Removing stm32f0xx_hal_uart.o(i.HAL_HalfDuplex_EnableTransmitter), (54 bytes).
    Removing stm32f0xx_hal_uart.o(i.HAL_HalfDuplex_Init), (116 bytes).
    Removing stm32f0xx_hal_uart.o(i.HAL_LIN_Init), (146 bytes).
    Removing stm32f0xx_hal_uart.o(i.HAL_LIN_SendBreak), (44 bytes).
    Removing stm32f0xx_hal_uart.o(i.HAL_MultiProcessor_DisableMuteMode), (46 bytes).
    Removing stm32f0xx_hal_uart.o(i.HAL_MultiProcessor_EnableMuteMode), (46 bytes).
    Removing stm32f0xx_hal_uart.o(i.HAL_MultiProcessor_EnterMuteMode), (12 bytes).
    Removing stm32f0xx_hal_uart.o(i.HAL_MultiProcessor_Init), (142 bytes).
    Removing stm32f0xx_hal_uart.o(i.HAL_UART_Abort), (162 bytes).
    Removing stm32f0xx_hal_uart.o(i.HAL_UART_AbortCpltCallback), (2 bytes).
    Removing stm32f0xx_hal_uart.o(i.HAL_UART_AbortReceive), (110 bytes).
    Removing stm32f0xx_hal_uart.o(i.HAL_UART_AbortReceiveCpltCallback), (2 bytes).
    Removing stm32f0xx_hal_uart.o(i.HAL_UART_AbortReceive_IT), (124 bytes).
    Removing stm32f0xx_hal_uart.o(i.HAL_UART_AbortTransmit), (82 bytes).
    Removing stm32f0xx_hal_uart.o(i.HAL_UART_AbortTransmitCpltCallback), (2 bytes).
    Removing stm32f0xx_hal_uart.o(i.HAL_UART_AbortTransmit_IT), (88 bytes).
    Removing stm32f0xx_hal_uart.o(i.HAL_UART_Abort_IT), (204 bytes).
    Removing stm32f0xx_hal_uart.o(i.HAL_UART_DMAPause), (94 bytes).
    Removing stm32f0xx_hal_uart.o(i.HAL_UART_DMAResume), (86 bytes).
    Removing stm32f0xx_hal_uart.o(i.HAL_UART_DMAStop), (122 bytes).
    Removing stm32f0xx_hal_uart.o(i.HAL_UART_DeInit), (58 bytes).
    Removing stm32f0xx_hal_uart.o(i.HAL_UART_DisableReceiverTimeout), (52 bytes).
    Removing stm32f0xx_hal_uart.o(i.HAL_UART_EnableReceiverTimeout), (52 bytes).
    Removing stm32f0xx_hal_uart.o(i.HAL_UART_ErrorCallback), (2 bytes).
    Removing stm32f0xx_hal_uart.o(i.HAL_UART_GetError), (4 bytes).
    Removing stm32f0xx_hal_uart.o(i.HAL_UART_GetState), (10 bytes).
    Removing stm32f0xx_hal_uart.o(i.HAL_UART_IRQHandler), (352 bytes).
    Removing stm32f0xx_hal_uart.o(i.HAL_UART_MspDeInit), (2 bytes).
    Removing stm32f0xx_hal_uart.o(i.HAL_UART_MspInit), (2 bytes).
    Removing stm32f0xx_hal_uart.o(i.HAL_UART_Receive_DMA), (184 bytes).
    Removing stm32f0xx_hal_uart.o(i.HAL_UART_Receive_IT), (172 bytes).
    Removing stm32f0xx_hal_uart.o(i.HAL_UART_ReceiverTimeout_Config), (14 bytes).
    Removing stm32f0xx_hal_uart.o(i.HAL_UART_RxCpltCallback), (2 bytes).
    Removing stm32f0xx_hal_uart.o(i.HAL_UART_RxHalfCpltCallback), (2 bytes).
    Removing stm32f0xx_hal_uart.o(i.HAL_UART_Transmit_DMA), (172 bytes).
    Removing stm32f0xx_hal_uart.o(i.HAL_UART_Transmit_IT), (120 bytes).
    Removing stm32f0xx_hal_uart.o(i.HAL_UART_TxCpltCallback), (2 bytes).
    Removing stm32f0xx_hal_uart.o(i.HAL_UART_TxHalfCpltCallback), (2 bytes).
    Removing stm32f0xx_hal_uart.o(i.UART_DMAAbortOnError), (20 bytes).
    Removing stm32f0xx_hal_uart.o(i.UART_DMAError), (72 bytes).
    Removing stm32f0xx_hal_uart.o(i.UART_DMAReceiveCplt), (60 bytes).
    Removing stm32f0xx_hal_uart.o(i.UART_DMARxAbortCallback), (60 bytes).
    Removing stm32f0xx_hal_uart.o(i.UART_DMARxHalfCplt), (10 bytes).
    Removing stm32f0xx_hal_uart.o(i.UART_DMARxOnlyAbortCallback), (36 bytes).
    Removing stm32f0xx_hal_uart.o(i.UART_DMATransmitCplt), (46 bytes).
    Removing stm32f0xx_hal_uart.o(i.UART_DMATxAbortCallback), (50 bytes).
    Removing stm32f0xx_hal_uart.o(i.UART_DMATxHalfCplt), (10 bytes).
    Removing stm32f0xx_hal_uart.o(i.UART_DMATxOnlyAbortCallback), (20 bytes).
    Removing stm32f0xx_hal_uart.o(i.UART_EndRxTransfer), (32 bytes).
    Removing stm32f0xx_hal_uart.o(i.UART_EndTxTransfer), (16 bytes).
    Removing stm32f0xx_hal_uart.o(i.UART_RxISR_16BIT), (88 bytes).
    Removing stm32f0xx_hal_uart.o(i.UART_RxISR_8BIT), (88 bytes).
    Removing stm32f0xx_hal_uart.o(i.UART_TxISR_16BIT), (64 bytes).
    Removing stm32f0xx_hal_uart.o(i.UART_TxISR_8BIT), (60 bytes).
    Removing stm32f0xx_hal_uart_ex.o(.rev16_text), (4 bytes).
    Removing stm32f0xx_hal_uart_ex.o(.revsh_text), (4 bytes).
    Removing stm32f0xx_hal_uart_ex.o(i.HAL_MultiProcessorEx_AddressLength_Set), (52 bytes).
    Removing stm32f0xx_hal_uart_ex.o(i.HAL_RS485Ex_Init), (136 bytes).
    Removing stm32f0xx_hal_uart_ex.o(i.HAL_UARTEx_DisableStopMode), (34 bytes).
    Removing stm32f0xx_hal_uart_ex.o(i.HAL_UARTEx_EnableStopMode), (34 bytes).
    Removing stm32f0xx_hal_uart_ex.o(i.HAL_UARTEx_StopModeWakeUpSourceConfig), (152 bytes).
    Removing stm32f0xx_hal_uart_ex.o(i.HAL_UARTEx_WakeupCallback), (2 bytes).
    Removing system_stm32f0xx.o(.rev16_text), (4 bytes).
    Removing system_stm32f0xx.o(.revsh_text), (4 bytes).
    Removing system_stm32f0xx.o(i.SystemCoreClockUpdate), (108 bytes).
    Removing stm32f0xx_hal_dma.o(i.__ARM_common_switch8), (26 bytes).

342 unused section(s) (total 23448 bytes) removed from the image.

==============================================================================

Image Symbol Table

    Local Symbols

    Symbol Name                              Value     Ov Type        Size  Object(Section)

    ../Drivers/STM32F0xx_HAL_Driver/Src/stm32f0xx_hal.c 0x00000000   Number         0  stm32f0xx_hal.o ABSOLUTE
    ../Drivers/STM32F0xx_HAL_Driver/Src/stm32f0xx_hal_adc.c 0x00000000   Number         0  stm32f0xx_hal_adc.o ABSOLUTE
    ../Drivers/STM32F0xx_HAL_Driver/Src/stm32f0xx_hal_adc_ex.c 0x00000000   Number         0  stm32f0xx_hal_adc_ex.o ABSOLUTE
    ../Drivers/STM32F0xx_HAL_Driver/Src/stm32f0xx_hal_cortex.c 0x00000000   Number         0  stm32f0xx_hal_cortex.o ABSOLUTE
    ../Drivers/STM32F0xx_HAL_Driver/Src/stm32f0xx_hal_dma.c 0x00000000   Number         0  stm32f0xx_hal_dma.o ABSOLUTE
    ../Drivers/STM32F0xx_HAL_Driver/Src/stm32f0xx_hal_exti.c 0x00000000   Number         0  stm32f0xx_hal_exti.o ABSOLUTE
    ../Drivers/STM32F0xx_HAL_Driver/Src/stm32f0xx_hal_flash.c 0x00000000   Number         0  stm32f0xx_hal_flash.o ABSOLUTE
    ../Drivers/STM32F0xx_HAL_Driver/Src/stm32f0xx_hal_flash_ex.c 0x00000000   Number         0  stm32f0xx_hal_flash_ex.o ABSOLUTE
    ../Drivers/STM32F0xx_HAL_Driver/Src/stm32f0xx_hal_gpio.c 0x00000000   Number         0  stm32f0xx_hal_gpio.o ABSOLUTE
    ../Drivers/STM32F0xx_HAL_Driver/Src/stm32f0xx_hal_i2c.c 0x00000000   Number         0  stm32f0xx_hal_i2c.o ABSOLUTE
    ../Drivers/STM32F0xx_HAL_Driver/Src/stm32f0xx_hal_i2c_ex.c 0x00000000   Number         0  stm32f0xx_hal_i2c_ex.o ABSOLUTE
    ../Drivers/STM32F0xx_HAL_Driver/Src/stm32f0xx_hal_pwr.c 0x00000000   Number         0  stm32f0xx_hal_pwr.o ABSOLUTE
    ../Drivers/STM32F0xx_HAL_Driver/Src/stm32f0xx_hal_pwr_ex.c 0x00000000   Number         0  stm32f0xx_hal_pwr_ex.o ABSOLUTE
    ../Drivers/STM32F0xx_HAL_Driver/Src/stm32f0xx_hal_rcc.c 0x00000000   Number         0  stm32f0xx_hal_rcc.o ABSOLUTE
    ../Drivers/STM32F0xx_HAL_Driver/Src/stm32f0xx_hal_rcc_ex.c 0x00000000   Number         0  stm32f0xx_hal_rcc_ex.o ABSOLUTE
    ../Drivers/STM32F0xx_HAL_Driver/Src/stm32f0xx_hal_tim.c 0x00000000   Number         0  stm32f0xx_hal_tim.o ABSOLUTE
    ../Drivers/STM32F0xx_HAL_Driver/Src/stm32f0xx_hal_tim_ex.c 0x00000000   Number         0  stm32f0xx_hal_tim_ex.o ABSOLUTE
    ../Drivers/STM32F0xx_HAL_Driver/Src/stm32f0xx_hal_uart.c 0x00000000   Number         0  stm32f0xx_hal_uart.o ABSOLUTE
    ../Drivers/STM32F0xx_HAL_Driver/Src/stm32f0xx_hal_uart_ex.c 0x00000000   Number         0  stm32f0xx_hal_uart_ex.o ABSOLUTE
    ../Src/main.c                            0x00000000   Number         0  main.o ABSOLUTE
    ../Src/stm32f0xx_hal_msp.c               0x00000000   Number         0  stm32f0xx_hal_msp.o ABSOLUTE
    ../Src/stm32f0xx_it.c                    0x00000000   Number         0  stm32f0xx_it.o ABSOLUTE
    ../Src/system_stm32f0xx.c                0x00000000   Number         0  system_stm32f0xx.o ABSOLUTE
    ../clib/microlib/division.c              0x00000000   Number         0  uidiv.o ABSOLUTE
    ../clib/microlib/division.c              0x00000000   Number         0  uldiv.o ABSOLUTE
    ../clib/microlib/init/entry.s            0x00000000   Number         0  entry2.o ABSOLUTE
    ../clib/microlib/init/entry.s            0x00000000   Number         0  entry.o ABSOLUTE
    ../clib/microlib/init/entry.s            0x00000000   Number         0  entry10a.o ABSOLUTE
    ../clib/microlib/init/entry.s            0x00000000   Number         0  entry7a.o ABSOLUTE
    ../clib/microlib/init/entry.s            0x00000000   Number         0  entry11b.o ABSOLUTE
    ../clib/microlib/init/entry.s            0x00000000   Number         0  entry11a.o ABSOLUTE
    ../clib/microlib/init/entry.s            0x00000000   Number         0  entry10b.o ABSOLUTE
    ../clib/microlib/init/entry.s            0x00000000   Number         0  entry9b.o ABSOLUTE
    ../clib/microlib/init/entry.s            0x00000000   Number         0  entry9a.o ABSOLUTE
    ../clib/microlib/init/entry.s            0x00000000   Number         0  entry8b.o ABSOLUTE
    ../clib/microlib/init/entry.s            0x00000000   Number         0  entry8a.o ABSOLUTE
    ../clib/microlib/init/entry.s            0x00000000   Number         0  entry7b.o ABSOLUTE
    ../clib/microlib/init/entry.s            0x00000000   Number         0  entry5.o ABSOLUTE
    ../clib/microlib/longlong.c              0x00000000   Number         0  llushr.o ABSOLUTE
    ../clib/microlib/longlong.c              0x00000000   Number         0  llsshr.o ABSOLUTE
    ../clib/microlib/longlong.c              0x00000000   Number         0  llshl.o ABSOLUTE
    ../clib/microlib/printf/printf.c         0x00000000   Number         0  printf8.o ABSOLUTE
    ../clib/microlib/printf/printf.c         0x00000000   Number         0  printf0.o ABSOLUTE
    ../clib/microlib/printf/printf.c         0x00000000   Number         0  printf1.o ABSOLUTE
    ../clib/microlib/printf/printf.c         0x00000000   Number         0  printf2.o ABSOLUTE
    ../clib/microlib/printf/printf.c         0x00000000   Number         0  printf3.o ABSOLUTE
    ../clib/microlib/printf/printf.c         0x00000000   Number         0  printf4.o ABSOLUTE
    ../clib/microlib/printf/printf.c         0x00000000   Number         0  printf5.o ABSOLUTE
    ../clib/microlib/printf/printf.c         0x00000000   Number         0  printfb.o ABSOLUTE
    ../clib/microlib/printf/printf.c         0x00000000   Number         0  printf6.o ABSOLUTE
    ../clib/microlib/printf/printf.c         0x00000000   Number         0  printf7.o ABSOLUTE
    ../clib/microlib/printf/printf.c         0x00000000   Number         0  printfa.o ABSOLUTE
    ../clib/microlib/printf/stubs.s          0x00000000   Number         0  stubs.o ABSOLUTE
    ../clib/microlib/stdio/fputc.c           0x00000000   Number         0  fputc.o ABSOLUTE
    ../clib/microlib/stdio/semi.s            0x00000000   Number         0  semi.o ABSOLUTE
    ../clib/microlib/stdio/streams.c         0x00000000   Number         0  stdout.o ABSOLUTE
    ../clib/microlib/string/memcpy.c         0x00000000   Number         0  memcpyb.o ABSOLUTE
    ../clib/microlib/string/memcpy.c         0x00000000   Number         0  memcpya.o ABSOLUTE
    ../clib/microlib/string/memset.c         0x00000000   Number         0  memseta.o ABSOLUTE
    ../clib/microlib/stubs.s                 0x00000000   Number         0  iusesemip.o ABSOLUTE
    ../clib/microlib/stubs.s                 0x00000000   Number         0  iusefp.o ABSOLUTE
    ../fplib/microlib/d2f.c                  0x00000000   Number         0  d2f.o ABSOLUTE
    ../fplib/microlib/f2d.c                  0x00000000   Number         0  f2d.o ABSOLUTE
    ../fplib/microlib/fpadd.c                0x00000000   Number         0  dadd.o ABSOLUTE
    ../fplib/microlib/fpadd.c                0x00000000   Number         0  fadd.o ABSOLUTE
    ../fplib/microlib/fpdiv.c                0x00000000   Number         0  ddiv.o ABSOLUTE
    ../fplib/microlib/fpepilogue.c           0x00000000   Number         0  fepilogue.o ABSOLUTE
    ../fplib/microlib/fpepilogue.c           0x00000000   Number         0  depilogue.o ABSOLUTE
    ../fplib/microlib/fpfix.c                0x00000000   Number         0  ffixi.o ABSOLUTE
    ../fplib/microlib/fpfix.c                0x00000000   Number         0  dfixi.o ABSOLUTE
    ../fplib/microlib/fpfix.c                0x00000000   Number         0  dfixul.o ABSOLUTE
    ../fplib/microlib/fpflt.c                0x00000000   Number         0  ffltui.o ABSOLUTE
    ../fplib/microlib/fpflt.c                0x00000000   Number         0  dflti.o ABSOLUTE
    ../fplib/microlib/fpmul.c                0x00000000   Number         0  dmul.o ABSOLUTE
    ../fplib/microlib/fprnd.c                0x00000000   Number         0  frnd.o ABSOLUTE
    ../mathlib/round.c                       0x00000000   Number         0  roundf.o ABSOLUTE
    ..\Drivers\STM32F0xx_HAL_Driver\Src\stm32f0xx_hal.c 0x00000000   Number         0  stm32f0xx_hal.o ABSOLUTE
    ..\Drivers\STM32F0xx_HAL_Driver\Src\stm32f0xx_hal_adc.c 0x00000000   Number         0  stm32f0xx_hal_adc.o ABSOLUTE
    ..\Drivers\STM32F0xx_HAL_Driver\Src\stm32f0xx_hal_adc_ex.c 0x00000000   Number         0  stm32f0xx_hal_adc_ex.o ABSOLUTE
    ..\Drivers\STM32F0xx_HAL_Driver\Src\stm32f0xx_hal_cortex.c 0x00000000   Number         0  stm32f0xx_hal_cortex.o ABSOLUTE
    ..\Drivers\STM32F0xx_HAL_Driver\Src\stm32f0xx_hal_dma.c 0x00000000   Number         0  stm32f0xx_hal_dma.o ABSOLUTE
    ..\Drivers\STM32F0xx_HAL_Driver\Src\stm32f0xx_hal_exti.c 0x00000000   Number         0  stm32f0xx_hal_exti.o ABSOLUTE
    ..\Drivers\STM32F0xx_HAL_Driver\Src\stm32f0xx_hal_flash.c 0x00000000   Number         0  stm32f0xx_hal_flash.o ABSOLUTE
    ..\Drivers\STM32F0xx_HAL_Driver\Src\stm32f0xx_hal_flash_ex.c 0x00000000   Number         0  stm32f0xx_hal_flash_ex.o ABSOLUTE
    ..\Drivers\STM32F0xx_HAL_Driver\Src\stm32f0xx_hal_gpio.c 0x00000000   Number         0  stm32f0xx_hal_gpio.o ABSOLUTE
    ..\Drivers\STM32F0xx_HAL_Driver\Src\stm32f0xx_hal_i2c.c 0x00000000   Number         0  stm32f0xx_hal_i2c.o ABSOLUTE
    ..\Drivers\STM32F0xx_HAL_Driver\Src\stm32f0xx_hal_i2c_ex.c 0x00000000   Number         0  stm32f0xx_hal_i2c_ex.o ABSOLUTE
    ..\Drivers\STM32F0xx_HAL_Driver\Src\stm32f0xx_hal_pwr.c 0x00000000   Number         0  stm32f0xx_hal_pwr.o ABSOLUTE
    ..\Drivers\STM32F0xx_HAL_Driver\Src\stm32f0xx_hal_pwr_ex.c 0x00000000   Number         0  stm32f0xx_hal_pwr_ex.o ABSOLUTE
    ..\Drivers\STM32F0xx_HAL_Driver\Src\stm32f0xx_hal_rcc.c 0x00000000   Number         0  stm32f0xx_hal_rcc.o ABSOLUTE
    ..\Drivers\STM32F0xx_HAL_Driver\Src\stm32f0xx_hal_rcc_ex.c 0x00000000   Number         0  stm32f0xx_hal_rcc_ex.o ABSOLUTE
    ..\Drivers\STM32F0xx_HAL_Driver\Src\stm32f0xx_hal_tim.c 0x00000000   Number         0  stm32f0xx_hal_tim.o ABSOLUTE
    ..\Drivers\STM32F0xx_HAL_Driver\Src\stm32f0xx_hal_tim_ex.c 0x00000000   Number         0  stm32f0xx_hal_tim_ex.o ABSOLUTE
    ..\Drivers\STM32F0xx_HAL_Driver\Src\stm32f0xx_hal_uart.c 0x00000000   Number         0  stm32f0xx_hal_uart.o ABSOLUTE
    ..\Drivers\STM32F0xx_HAL_Driver\Src\stm32f0xx_hal_uart_ex.c 0x00000000   Number         0  stm32f0xx_hal_uart_ex.o ABSOLUTE
    ..\Src\Controller\Controller.c           0x00000000   Number         0  controller.o ABSOLUTE
    ..\Src\Sensors\LightSensor.c             0x00000000   Number         0  lightsensor.o ABSOLUTE
    ..\Src\Sensors\Moisture.c                0x00000000   Number         0  moisture.o ABSOLUTE
    ..\Src\Util\DisplayLight.c               0x00000000   Number         0  displaylight.o ABSOLUTE
    ..\Src\Wifi\WiFi.c                       0x00000000   Number         0  wifi.o ABSOLUTE
    ..\Src\Wifi\private.c                    0x00000000   Number         0  private.o ABSOLUTE
    ..\Src\constants.c                       0x00000000   Number         0  constants.o ABSOLUTE
    ..\Src\main.c                            0x00000000   Number         0  main.o ABSOLUTE
    ..\Src\stm32f0xx_hal_msp.c               0x00000000   Number         0  stm32f0xx_hal_msp.o ABSOLUTE
    ..\Src\stm32f0xx_it.c                    0x00000000   Number         0  stm32f0xx_it.o ABSOLUTE
    ..\Src\system_stm32f0xx.c                0x00000000   Number         0  system_stm32f0xx.o ABSOLUTE
    ..\\Src\\Controller\\Controller.c        0x00000000   Number         0  controller.o ABSOLUTE
    ..\\Src\\Util\\DisplayLight.c            0x00000000   Number         0  displaylight.o ABSOLUTE
    ..\\Src\\Wifi\\WiFi.c                    0x00000000   Number         0  wifi.o ABSOLUTE
    cdrcmple.s                               0x00000000   Number         0  cdrcmple.o ABSOLUTE
    dc.s                                     0x00000000   Number         0  dc.o ABSOLUTE
    handlers.s                               0x00000000   Number         0  handlers.o ABSOLUTE
    init.s                                   0x00000000   Number         0  init.o ABSOLUTE
    startup_stm32f051x8.s                    0x00000000   Number         0  startup_stm32f051x8.o ABSOLUTE
    RESET                                    0x08000000   Section      188  startup_stm32f051x8.o(RESET)
    .ARM.Collect$$$$00000000                 0x080000bc   Section        0  entry.o(.ARM.Collect$$$$00000000)
    .ARM.Collect$$$$00000001                 0x080000bc   Section        4  entry2.o(.ARM.Collect$$$$00000001)
    .ARM.Collect$$$$00000004                 0x080000c0   Section        4  entry5.o(.ARM.Collect$$$$00000004)
    .ARM.Collect$$$$00000008                 0x080000c4   Section        0  entry7b.o(.ARM.Collect$$$$00000008)
    .ARM.Collect$$$$0000000A                 0x080000c4   Section        0  entry8b.o(.ARM.Collect$$$$0000000A)
    .ARM.Collect$$$$0000000B                 0x080000c4   Section        8  entry9a.o(.ARM.Collect$$$$0000000B)
    .ARM.Collect$$$$0000000D                 0x080000cc   Section        0  entry10a.o(.ARM.Collect$$$$0000000D)
    .ARM.Collect$$$$0000000F                 0x080000cc   Section        0  entry11a.o(.ARM.Collect$$$$0000000F)
    .ARM.Collect$$$$00002712                 0x080000cc   Section        4  entry2.o(.ARM.Collect$$$$00002712)
    __lit__00000000                          0x080000cc   Data           4  entry2.o(.ARM.Collect$$$$00002712)
    .text                                    0x080000d0   Section       28  startup_stm32f051x8.o(.text)
    .text                                    0x080000ec   Section        0  uidiv.o(.text)
    .text                                    0x08000118   Section        0  uldiv.o(.text)
    .text                                    0x08000178   Section        0  llushr.o(.text)
    .text                                    0x0800019a   Section        0  memcpya.o(.text)
    .text                                    0x080001be   Section        0  memseta.o(.text)
    .text                                    0x080001e2   Section        0  fadd.o(.text)
    .text                                    0x08000294   Section        0  dadd.o(.text)
    .text                                    0x080003f8   Section        0  dmul.o(.text)
    .text                                    0x080004c8   Section        0  ddiv.o(.text)
    .text                                    0x080005b8   Section        0  ffltui.o(.text)
    .text                                    0x080005c8   Section        0  dflti.o(.text)
    .text                                    0x080005f0   Section        0  ffixi.o(.text)
    .text                                    0x08000624   Section        0  dfixi.o(.text)
    .text                                    0x0800066c   Section        0  f2d.o(.text)
    .text                                    0x08000694   Section        0  d2f.o(.text)
    .text                                    0x080006cc   Section        0  llshl.o(.text)
    .text                                    0x080006ec   Section        0  llsshr.o(.text)
    .text                                    0x08000712   Section        0  iusefp.o(.text)
    .text                                    0x08000712   Section        0  fepilogue.o(.text)
    .text                                    0x08000794   Section        0  frnd.o(.text)
    .text                                    0x080007d2   Section        0  depilogue.o(.text)
    .text                                    0x08000890   Section        0  dfixul.o(.text)
    .text                                    0x080008d0   Section       40  cdrcmple.o(.text)
    .text                                    0x080008f8   Section       36  init.o(.text)
    i.ADC1_COMP_IRQHandler                   0x0800091c   Section        0  stm32f0xx_it.o(i.ADC1_COMP_IRQHandler)
    i.ADC_Enable                             0x0800092c   Section        0  stm32f0xx_hal_adc.o(i.ADC_Enable)
    ADC_Enable                               0x0800092d   Thumb Code   120  stm32f0xx_hal_adc.o(i.ADC_Enable)
    i.HAL_ADC_ConfigChannel                  0x080009b0   Section        0  stm32f0xx_hal_adc.o(i.HAL_ADC_ConfigChannel)
    i.HAL_ADC_ConvCpltCallback               0x08000adc   Section        0  main.o(i.HAL_ADC_ConvCpltCallback)
    i.HAL_ADC_ErrorCallback                  0x08000b10   Section        0  stm32f0xx_hal_adc.o(i.HAL_ADC_ErrorCallback)
    i.HAL_ADC_GetValue                       0x08000b12   Section        0  stm32f0xx_hal_adc.o(i.HAL_ADC_GetValue)
    i.HAL_ADC_IRQHandler                     0x08000b18   Section        0  stm32f0xx_hal_adc.o(i.HAL_ADC_IRQHandler)
    i.HAL_ADC_Init                           0x08000be8   Section        0  stm32f0xx_hal_adc.o(i.HAL_ADC_Init)
    i.HAL_ADC_LevelOutOfWindowCallback       0x08000d60   Section        0  stm32f0xx_hal_adc.o(i.HAL_ADC_LevelOutOfWindowCallback)
    i.HAL_ADC_MspInit                        0x08000d64   Section        0  stm32f0xx_hal_msp.o(i.HAL_ADC_MspInit)
    i.HAL_ADC_Start_IT                       0x08000dcc   Section        0  stm32f0xx_hal_adc.o(i.HAL_ADC_Start_IT)
    i.HAL_Delay                              0x08000e48   Section        0  stm32f0xx_hal.o(i.HAL_Delay)
    i.HAL_GPIO_Init                          0x08000e6c   Section        0  stm32f0xx_hal_gpio.o(i.HAL_GPIO_Init)
    i.HAL_GPIO_WritePin                      0x08000fb4   Section        0  stm32f0xx_hal_gpio.o(i.HAL_GPIO_WritePin)
    i.HAL_GetTick                            0x08000fc0   Section        0  stm32f0xx_hal.o(i.HAL_GetTick)
    i.HAL_IncTick                            0x08000fcc   Section        0  stm32f0xx_hal.o(i.HAL_IncTick)
    i.HAL_Init                               0x08000fdc   Section        0  stm32f0xx_hal.o(i.HAL_Init)
    i.HAL_InitTick                           0x08000ffc   Section        0  stm32f0xx_hal.o(i.HAL_InitTick)
    i.HAL_MspInit                            0x08001040   Section        0  stm32f0xx_hal_msp.o(i.HAL_MspInit)
    i.HAL_NVIC_EnableIRQ                     0x08001068   Section        0  stm32f0xx_hal_cortex.o(i.HAL_NVIC_EnableIRQ)
    i.HAL_NVIC_SetPriority                   0x08001080   Section        0  stm32f0xx_hal_cortex.o(i.HAL_NVIC_SetPriority)
    i.HAL_RCC_ClockConfig                    0x08001088   Section        0  stm32f0xx_hal_rcc.o(i.HAL_RCC_ClockConfig)
    i.HAL_RCC_GetPCLK1Freq                   0x08001190   Section        0  stm32f0xx_hal_rcc.o(i.HAL_RCC_GetPCLK1Freq)
    i.HAL_RCC_GetSysClockFreq                0x080011b0   Section        0  stm32f0xx_hal_rcc.o(i.HAL_RCC_GetSysClockFreq)
    i.HAL_RCC_OscConfig                      0x08001230   Section        0  stm32f0xx_hal_rcc.o(i.HAL_RCC_OscConfig)
    i.HAL_SYSTICK_Config                     0x080015b8   Section        0  stm32f0xx_hal_cortex.o(i.HAL_SYSTICK_Config)
    i.HAL_UART_Init                          0x080015e8   Section        0  stm32f0xx_hal_uart.o(i.HAL_UART_Init)
    i.HAL_UART_MspInit                       0x08001654   Section        0  stm32f0xx_hal_msp.o(i.HAL_UART_MspInit)
    i.HAL_UART_Receive                       0x080016b8   Section        0  stm32f0xx_hal_uart.o(i.HAL_UART_Receive)
    i.HAL_UART_Transmit                      0x080017a8   Section        0  stm32f0xx_hal_uart.o(i.HAL_UART_Transmit)
    i.HardFault_Handler                      0x08001876   Section        0  stm32f0xx_it.o(i.HardFault_Handler)
    i.MX_ADC_Init                            0x08001878   Section        0  main.o(i.MX_ADC_Init)
    MX_ADC_Init                              0x08001879   Thumb Code    88  main.o(i.MX_ADC_Init)
    i.MX_GPIO_Init                           0x080018d8   Section        0  main.o(i.MX_GPIO_Init)
    MX_GPIO_Init                             0x080018d9   Thumb Code   100  main.o(i.MX_GPIO_Init)
    i.MX_USART2_UART_Init                    0x08001948   Section        0  main.o(i.MX_USART2_UART_Init)
    MX_USART2_UART_Init                      0x08001949   Thumb Code    40  main.o(i.MX_USART2_UART_Init)
    i.NMI_Handler                            0x08001978   Section        0  stm32f0xx_it.o(i.NMI_Handler)
    i.PendSV_Handler                         0x0800197a   Section        0  stm32f0xx_it.o(i.PendSV_Handler)
    i.SVC_Handler                            0x0800197c   Section        0  stm32f0xx_it.o(i.SVC_Handler)
    i.SysTick_Handler                        0x0800197e   Section        0  stm32f0xx_it.o(i.SysTick_Handler)
    i.SystemClock_Config                     0x08001986   Section        0  main.o(i.SystemClock_Config)
    i.SystemInit                             0x080019d6   Section        0  system_stm32f0xx.o(i.SystemInit)
    i.UART_AdvFeatureConfig                  0x080019d8   Section        0  stm32f0xx_hal_uart.o(i.UART_AdvFeatureConfig)
    i.UART_CheckIdleState                    0x08001aa4   Section        0  stm32f0xx_hal_uart.o(i.UART_CheckIdleState)
    i.UART_SetConfig                         0x08001b04   Section        0  stm32f0xx_hal_uart.o(i.UART_SetConfig)
    i.UART_WaitOnFlagUntilTimeout            0x08001c4c   Section        0  stm32f0xx_hal_uart.o(i.UART_WaitOnFlagUntilTimeout)
    i.__0sprintf                             0x08001ce8   Section        0  printfa.o(i.__0sprintf)
    i.__ARM_clz                              0x08001d10   Section        0  depilogue.o(i.__ARM_clz)
    i.__ARM_common_ll_muluu                  0x08001d3e   Section        0  stm32f0xx_hal_rcc.o(i.__ARM_common_ll_muluu)
    i.__NVIC_SetPriority                     0x08001d70   Section        0  stm32f0xx_hal_cortex.o(i.__NVIC_SetPriority)
    __NVIC_SetPriority                       0x08001d71   Thumb Code    60  stm32f0xx_hal_cortex.o(i.__NVIC_SetPriority)
    i.__scatterload_copy                     0x08001db4   Section       14  handlers.o(i.__scatterload_copy)
    i.__scatterload_null                     0x08001dc2   Section        2  handlers.o(i.__scatterload_null)
    i.__scatterload_zeroinit                 0x08001dc4   Section       14  handlers.o(i.__scatterload_zeroinit)
    i._fp_digits                             0x08001dd4   Section        0  printfa.o(i._fp_digits)
    _fp_digits                               0x08001dd5   Thumb Code   344  printfa.o(i._fp_digits)
    i._printf_core                           0x08001f48   Section        0  printfa.o(i._printf_core)
    _printf_core                             0x08001f49   Thumb Code  1754  printfa.o(i._printf_core)
    i._printf_post_padding                   0x08002634   Section        0  printfa.o(i._printf_post_padding)
    _printf_post_padding                     0x08002635   Thumb Code    32  printfa.o(i._printf_post_padding)
    i._printf_pre_padding                    0x08002654   Section        0  printfa.o(i._printf_pre_padding)
    _printf_pre_padding                      0x08002655   Thumb Code    44  printfa.o(i._printf_pre_padding)
    i._sputc                                 0x08002680   Section        0  printfa.o(i._sputc)
    _sputc                                   0x08002681   Thumb Code    10  printfa.o(i._sputc)
    i.calculateMoisture                      0x0800268c   Section        0  moisture.o(i.calculateMoisture)
    i.checkRawLightData                      0x080026d4   Section        0  lightsensor.o(i.checkRawLightData)
    i.closeConnection                        0x080026f0   Section        0  wifi.o(i.closeConnection)
    i.connectToRouter                        0x08002718   Section        0  wifi.o(i.connectToRouter)
    i.connectToWifi                          0x08002764   Section        0  wifi.o(i.connectToWifi)
    i.createPostMessage                      0x08002790   Section        0  wifi.o(i.createPostMessage)
    i.getDraughtThreshhold                   0x080027fc   Section        0  moisture.o(i.getDraughtThreshhold)
    i.initateConnection                      0x08002810   Section        0  wifi.o(i.initateConnection)
    i.initiateLightTransmission              0x08002834   Section        0  wifi.o(i.initiateLightTransmission)
    i.initiateMoistureTransmission           0x0800285c   Section        0  wifi.o(i.initiateMoistureTransmission)
    i.loop                                   0x08002884   Section        0  controller.o(i.loop)
    i.main                                   0x080028e0   Section        0  main.o(i.main)
    i.plantTooDryCheck                       0x08002908   Section        0  controller.o(i.plantTooDryCheck)
    i.restoreWiFi                            0x08002920   Section        0  wifi.o(i.restoreWiFi)
    i.roundf                                 0x08002948   Section        0  roundf.o(i.roundf)
    i.sendLightData                          0x080029bc   Section        0  wifi.o(i.sendLightData)
    i.sendMoistureData                       0x080029f0   Section        0  wifi.o(i.sendMoistureData)
    i.setBlueLED                             0x08002a24   Section        0  displaylight.o(i.setBlueLED)
    i.setCWMode                              0x08002a38   Section        0  wifi.o(i.setCWMode)
    i.setDraughtThreshhold                   0x08002a60   Section        0  moisture.o(i.setDraughtThreshhold)
    i.setGreenLED                            0x08002a70   Section        0  displaylight.o(i.setGreenLED)
    i.setLightData                           0x08002a84   Section        0  lightsensor.o(i.setLightData)
    i.setMux                                 0x08002ab4   Section        0  wifi.o(i.setMux)
    i.setSSLbuffer                           0x08002adc   Section        0  wifi.o(i.setSSLbuffer)
    i.setupWifi                              0x08002b14   Section        0  controller.o(i.setupWifi)
    i.startController                        0x08002b2c   Section        0  controller.o(i.startController)
    i.transmit                               0x08002b48   Section        0  wifi.o(i.transmit)
    i.updateDatabase                         0x08002b78   Section        0  controller.o(i.updateDatabase)
    i.updateSensorValues                     0x08002ba8   Section        0  main.o(i.updateSensorValues)
    .constdata                               0x08002bbc   Section        4  constants.o(.constdata)
    .constdata                               0x08002bc0   Section        4  constants.o(.constdata)
    .constdata                               0x08002bc4   Section        4  constants.o(.constdata)
    .constdata                               0x08002bc8   Section        4  constants.o(.constdata)
    .constdata                               0x08002bcc   Section        4  constants.o(.constdata)
    .constdata                               0x08002bd0   Section        4  constants.o(.constdata)
    .constdata                               0x08002bd4   Section       16  system_stm32f0xx.o(.constdata)
    .constdata                               0x08002be4   Section        8  system_stm32f0xx.o(.constdata)
    .conststring                             0x08002bec   Section      340  wifi.o(.conststring)
    .data                                    0x20000000   Section       12  main.o(.data)
    .data                                    0x2000000c   Section       12  moisture.o(.data)
    .data                                    0x20000018   Section       12  stm32f0xx_hal.o(.data)
    .data                                    0x20000024   Section        4  system_stm32f0xx.o(.data)
    .bss                                     0x20000028   Section      192  main.o(.bss)
    .bss                                     0x200000e8   Section      768  wifi.o(.bss)
    STACK                                    0x200003e8   Section     1024  startup_stm32f051x8.o(STACK)

    Global Symbols

    Symbol Name                              Value     Ov Type        Size  Object(Section)

    BuildAttributes$$THM_ISAv3M$S$PE$A:L22$X:L11$S22$IEEE1$IW$USESV6$~STKCKD$USESV7$~SHL$OTIME$ROPI$IEEEJ$EBA8$MICROLIB$REQ8$PRES8$EABIv2 0x00000000   Number         0  anon$$obj.o ABSOLUTE
    __ARM_use_no_argv                        0x00000000   Number         0  main.o ABSOLUTE
    _printf_a                                0x00000000   Number         0  stubs.o ABSOLUTE
    _printf_c                                0x00000000   Number         0  stubs.o ABSOLUTE
    _printf_charcount                        0x00000000   Number         0  stubs.o ABSOLUTE
    _printf_d                                0x00000000   Number         0  stubs.o ABSOLUTE
    _printf_e                                0x00000000   Number         0  stubs.o ABSOLUTE
    _printf_f                                0x00000000   Number         0  stubs.o ABSOLUTE
    _printf_flags                            0x00000000   Number         0  stubs.o ABSOLUTE
    _printf_fp_dec                           0x00000000   Number         0  stubs.o ABSOLUTE
    _printf_fp_hex                           0x00000000   Number         0  stubs.o ABSOLUTE
    _printf_g                                0x00000000   Number         0  stubs.o ABSOLUTE
    _printf_i                                0x00000000   Number         0  stubs.o ABSOLUTE
    _printf_int_dec                          0x00000000   Number         0  stubs.o ABSOLUTE
    _printf_l                                0x00000000   Number         0  stubs.o ABSOLUTE
    _printf_lc                               0x00000000   Number         0  stubs.o ABSOLUTE
    _printf_ll                               0x00000000   Number         0  stubs.o ABSOLUTE
    _printf_lld                              0x00000000   Number         0  stubs.o ABSOLUTE
    _printf_lli                              0x00000000   Number         0  stubs.o ABSOLUTE
    _printf_llo                              0x00000000   Number         0  stubs.o ABSOLUTE
    _printf_llu                              0x00000000   Number         0  stubs.o ABSOLUTE
    _printf_llx                              0x00000000   Number         0  stubs.o ABSOLUTE
    _printf_longlong_dec                     0x00000000   Number         0  stubs.o ABSOLUTE
    _printf_longlong_hex                     0x00000000   Number         0  stubs.o ABSOLUTE
    _printf_longlong_oct                     0x00000000   Number         0  stubs.o ABSOLUTE
    _printf_ls                               0x00000000   Number         0  stubs.o ABSOLUTE
    _printf_mbtowc                           0x00000000   Number         0  stubs.o ABSOLUTE
    _printf_n                                0x00000000   Number         0  stubs.o ABSOLUTE
    _printf_o                                0x00000000   Number         0  stubs.o ABSOLUTE
    _printf_p                                0x00000000   Number         0  stubs.o ABSOLUTE
    _printf_percent                          0x00000000   Number         0  stubs.o ABSOLUTE
    _printf_pre_padding                      0x00000000   Number         0  stubs.o ABSOLUTE
    _printf_return_value                     0x00000000   Number         0  stubs.o ABSOLUTE
    _printf_s                                0x00000000   Number         0  stubs.o ABSOLUTE
    _printf_sizespec                         0x00000000   Number         0  stubs.o ABSOLUTE
    _printf_str                              0x00000000   Number         0  stubs.o ABSOLUTE
    _printf_truncate_signed                  0x00000000   Number         0  stubs.o ABSOLUTE
    _printf_truncate_unsigned                0x00000000   Number         0  stubs.o ABSOLUTE
    _printf_u                                0x00000000   Number         0  stubs.o ABSOLUTE
    _printf_wc                               0x00000000   Number         0  stubs.o ABSOLUTE
    _printf_wctomb                           0x00000000   Number         0  stubs.o ABSOLUTE
    _printf_widthprec                        0x00000000   Number         0  stubs.o ABSOLUTE
    _printf_x                                0x00000000   Number         0  stubs.o ABSOLUTE
    __cpp_initialize__aeabi_                  - Undefined Weak Reference
    __cxa_finalize                            - Undefined Weak Reference
    __decompress                              - Undefined Weak Reference
    _clock_init                               - Undefined Weak Reference
    _microlib_exit                            - Undefined Weak Reference
    __Vectors_Size                           0x000000bc   Number         0  startup_stm32f051x8.o ABSOLUTE
    __Vectors                                0x08000000   Data           4  startup_stm32f051x8.o(RESET)
    __Vectors_End                            0x080000bc   Data           0  startup_stm32f051x8.o(RESET)
    __main                                   0x080000bd   Thumb Code     0  entry.o(.ARM.Collect$$$$00000000)
    _main_stk                                0x080000bd   Thumb Code     0  entry2.o(.ARM.Collect$$$$00000001)
    _main_scatterload                        0x080000c1   Thumb Code     0  entry5.o(.ARM.Collect$$$$00000004)
    __main_after_scatterload                 0x080000c5   Thumb Code     0  entry5.o(.ARM.Collect$$$$00000004)
    _main_clock                              0x080000c5   Thumb Code     0  entry7b.o(.ARM.Collect$$$$00000008)
    _main_cpp_init                           0x080000c5   Thumb Code     0  entry8b.o(.ARM.Collect$$$$0000000A)
    _main_init                               0x080000c5   Thumb Code     0  entry9a.o(.ARM.Collect$$$$0000000B)
    __rt_final_cpp                           0x080000cd   Thumb Code     0  entry10a.o(.ARM.Collect$$$$0000000D)
    __rt_final_exit                          0x080000cd   Thumb Code     0  entry11a.o(.ARM.Collect$$$$0000000F)
    Reset_Handler                            0x080000d1   Thumb Code     8  startup_stm32f051x8.o(.text)
    CEC_IRQHandler                           0x080000e3   Thumb Code     0  startup_stm32f051x8.o(.text)
    DMA1_Channel1_IRQHandler                 0x080000e3   Thumb Code     0  startup_stm32f051x8.o(.text)
    DMA1_Channel2_3_IRQHandler               0x080000e3   Thumb Code     0  startup_stm32f051x8.o(.text)
    DMA1_Channel4_5_IRQHandler               0x080000e3   Thumb Code     0  startup_stm32f051x8.o(.text)
    EXTI0_1_IRQHandler                       0x080000e3   Thumb Code     0  startup_stm32f051x8.o(.text)
    EXTI2_3_IRQHandler                       0x080000e3   Thumb Code     0  startup_stm32f051x8.o(.text)
    EXTI4_15_IRQHandler                      0x080000e3   Thumb Code     0  startup_stm32f051x8.o(.text)
    FLASH_IRQHandler                         0x080000e3   Thumb Code     0  startup_stm32f051x8.o(.text)
    I2C1_IRQHandler                          0x080000e3   Thumb Code     0  startup_stm32f051x8.o(.text)
    I2C2_IRQHandler                          0x080000e3   Thumb Code     0  startup_stm32f051x8.o(.text)
    PVD_IRQHandler                           0x080000e3   Thumb Code     0  startup_stm32f051x8.o(.text)
    RCC_IRQHandler                           0x080000e3   Thumb Code     0  startup_stm32f051x8.o(.text)
    RTC_IRQHandler                           0x080000e3   Thumb Code     0  startup_stm32f051x8.o(.text)
    SPI1_IRQHandler                          0x080000e3   Thumb Code     0  startup_stm32f051x8.o(.text)
    SPI2_IRQHandler                          0x080000e3   Thumb Code     0  startup_stm32f051x8.o(.text)
    TIM14_IRQHandler                         0x080000e3   Thumb Code     0  startup_stm32f051x8.o(.text)
    TIM15_IRQHandler                         0x080000e3   Thumb Code     0  startup_stm32f051x8.o(.text)
    TIM16_IRQHandler                         0x080000e3   Thumb Code     0  startup_stm32f051x8.o(.text)
    TIM17_IRQHandler                         0x080000e3   Thumb Code     0  startup_stm32f051x8.o(.text)
    TIM1_BRK_UP_TRG_COM_IRQHandler           0x080000e3   Thumb Code     0  startup_stm32f051x8.o(.text)
    TIM1_CC_IRQHandler                       0x080000e3   Thumb Code     0  startup_stm32f051x8.o(.text)
    TIM2_IRQHandler                          0x080000e3   Thumb Code     0  startup_stm32f051x8.o(.text)
    TIM3_IRQHandler                          0x080000e3   Thumb Code     0  startup_stm32f051x8.o(.text)
    TIM6_DAC_IRQHandler                      0x080000e3   Thumb Code     0  startup_stm32f051x8.o(.text)
    TSC_IRQHandler                           0x080000e3   Thumb Code     0  startup_stm32f051x8.o(.text)
    USART1_IRQHandler                        0x080000e3   Thumb Code     0  startup_stm32f051x8.o(.text)
    USART2_IRQHandler                        0x080000e3   Thumb Code     0  startup_stm32f051x8.o(.text)
    WWDG_IRQHandler                          0x080000e3   Thumb Code     0  startup_stm32f051x8.o(.text)
    __aeabi_uidiv                            0x080000ed   Thumb Code     0  uidiv.o(.text)
    __aeabi_uidivmod                         0x080000ed   Thumb Code    44  uidiv.o(.text)
    __aeabi_uldivmod                         0x08000119   Thumb Code    96  uldiv.o(.text)
    __aeabi_llsr                             0x08000179   Thumb Code    34  llushr.o(.text)
    _ll_ushift_r                             0x08000179   Thumb Code     0  llushr.o(.text)
    __aeabi_memcpy                           0x0800019b   Thumb Code    36  memcpya.o(.text)
    __aeabi_memcpy4                          0x0800019b   Thumb Code     0  memcpya.o(.text)
    __aeabi_memcpy8                          0x0800019b   Thumb Code     0  memcpya.o(.text)
    __aeabi_memset                           0x080001bf   Thumb Code    14  memseta.o(.text)
    __aeabi_memset4                          0x080001bf   Thumb Code     0  memseta.o(.text)
    __aeabi_memset8                          0x080001bf   Thumb Code     0  memseta.o(.text)
    __aeabi_memclr                           0x080001cd   Thumb Code     4  memseta.o(.text)
    __aeabi_memclr4                          0x080001cd   Thumb Code     0  memseta.o(.text)
    __aeabi_memclr8                          0x080001cd   Thumb Code     0  memseta.o(.text)
    _memset$wrapper                          0x080001d1   Thumb Code    18  memseta.o(.text)
    __aeabi_fadd                             0x080001e3   Thumb Code   162  fadd.o(.text)
    __aeabi_fsub                             0x08000285   Thumb Code     8  fadd.o(.text)
    __aeabi_frsub                            0x0800028d   Thumb Code     8  fadd.o(.text)
    __aeabi_dadd                             0x08000295   Thumb Code   328  dadd.o(.text)
    __aeabi_dsub                             0x080003dd   Thumb Code    12  dadd.o(.text)
    __aeabi_drsub                            0x080003e9   Thumb Code    12  dadd.o(.text)
    __aeabi_dmul                             0x080003f9   Thumb Code   202  dmul.o(.text)
    __aeabi_ddiv                             0x080004c9   Thumb Code   234  ddiv.o(.text)
    __aeabi_ui2f                             0x080005b9   Thumb Code    14  ffltui.o(.text)
    __aeabi_i2d                              0x080005c9   Thumb Code    34  dflti.o(.text)
    __aeabi_f2iz                             0x080005f1   Thumb Code    50  ffixi.o(.text)
    __aeabi_d2iz                             0x08000625   Thumb Code    62  dfixi.o(.text)
    __aeabi_f2d                              0x0800066d   Thumb Code    40  f2d.o(.text)
    __aeabi_d2f                              0x08000695   Thumb Code    56  d2f.o(.text)
    __aeabi_llsl                             0x080006cd   Thumb Code    32  llshl.o(.text)
    _ll_shift_l                              0x080006cd   Thumb Code     0  llshl.o(.text)
    __aeabi_lasr                             0x080006ed   Thumb Code    38  llsshr.o(.text)
    _ll_sshift_r                             0x080006ed   Thumb Code     0  llsshr.o(.text)
    __I$use$fp                               0x08000713   Thumb Code     0  iusefp.o(.text)
    _float_round                             0x08000713   Thumb Code    16  fepilogue.o(.text)
    _float_epilogue                          0x08000723   Thumb Code   114  fepilogue.o(.text)
    _frnd                                    0x08000795   Thumb Code    62  frnd.o(.text)
    _double_round                            0x080007d3   Thumb Code    26  depilogue.o(.text)
    _double_epilogue                         0x080007ed   Thumb Code   164  depilogue.o(.text)
    __aeabi_d2ulz                            0x08000891   Thumb Code    54  dfixul.o(.text)
    __aeabi_cdrcmple                         0x080008d1   Thumb Code    38  cdrcmple.o(.text)
    __scatterload                            0x080008f9   Thumb Code    28  init.o(.text)
    __scatterload_rt2                        0x080008f9   Thumb Code     0  init.o(.text)
    ADC1_COMP_IRQHandler                     0x0800091d   Thumb Code    10  stm32f0xx_it.o(i.ADC1_COMP_IRQHandler)
    HAL_ADC_ConfigChannel                    0x080009b1   Thumb Code   284  stm32f0xx_hal_adc.o(i.HAL_ADC_ConfigChannel)
    HAL_ADC_ConvCpltCallback                 0x08000add   Thumb Code    48  main.o(i.HAL_ADC_ConvCpltCallback)
    HAL_ADC_ErrorCallback                    0x08000b11   Thumb Code     2  stm32f0xx_hal_adc.o(i.HAL_ADC_ErrorCallback)
    HAL_ADC_GetValue                         0x08000b13   Thumb Code     6  stm32f0xx_hal_adc.o(i.HAL_ADC_GetValue)
    HAL_ADC_IRQHandler                       0x08000b19   Thumb Code   208  stm32f0xx_hal_adc.o(i.HAL_ADC_IRQHandler)
    HAL_ADC_Init                             0x08000be9   Thumb Code   366  stm32f0xx_hal_adc.o(i.HAL_ADC_Init)
    HAL_ADC_LevelOutOfWindowCallback         0x08000d61   Thumb Code     2  stm32f0xx_hal_adc.o(i.HAL_ADC_LevelOutOfWindowCallback)
    HAL_ADC_MspInit                          0x08000d65   Thumb Code    94  stm32f0xx_hal_msp.o(i.HAL_ADC_MspInit)
    HAL_ADC_Start_IT                         0x08000dcd   Thumb Code   120  stm32f0xx_hal_adc.o(i.HAL_ADC_Start_IT)
    HAL_Delay                                0x08000e49   Thumb Code    32  stm32f0xx_hal.o(i.HAL_Delay)
    HAL_GPIO_Init                            0x08000e6d   Thumb Code   302  stm32f0xx_hal_gpio.o(i.HAL_GPIO_Init)
    HAL_GPIO_WritePin                        0x08000fb5   Thumb Code    12  stm32f0xx_hal_gpio.o(i.HAL_GPIO_WritePin)
    HAL_GetTick                              0x08000fc1   Thumb Code     6  stm32f0xx_hal.o(i.HAL_GetTick)
    HAL_IncTick                              0x08000fcd   Thumb Code    12  stm32f0xx_hal.o(i.HAL_IncTick)
    HAL_Init                                 0x08000fdd   Thumb Code    26  stm32f0xx_hal.o(i.HAL_Init)
    HAL_InitTick                             0x08000ffd   Thumb Code    58  stm32f0xx_hal.o(i.HAL_InitTick)
    HAL_MspInit                              0x08001041   Thumb Code    34  stm32f0xx_hal_msp.o(i.HAL_MspInit)
    HAL_NVIC_EnableIRQ                       0x08001069   Thumb Code    18  stm32f0xx_hal_cortex.o(i.HAL_NVIC_EnableIRQ)
    HAL_NVIC_SetPriority                     0x08001081   Thumb Code     8  stm32f0xx_hal_cortex.o(i.HAL_NVIC_SetPriority)
    HAL_RCC_ClockConfig                      0x08001089   Thumb Code   242  stm32f0xx_hal_rcc.o(i.HAL_RCC_ClockConfig)
    HAL_RCC_GetPCLK1Freq                     0x08001191   Thumb Code    20  stm32f0xx_hal_rcc.o(i.HAL_RCC_GetPCLK1Freq)
    HAL_RCC_GetSysClockFreq                  0x080011b1   Thumb Code    84  stm32f0xx_hal_rcc.o(i.HAL_RCC_GetSysClockFreq)
    HAL_RCC_OscConfig                        0x08001231   Thumb Code   890  stm32f0xx_hal_rcc.o(i.HAL_RCC_OscConfig)
    HAL_SYSTICK_Config                       0x080015b9   Thumb Code    38  stm32f0xx_hal_cortex.o(i.HAL_SYSTICK_Config)
    HAL_UART_Init                            0x080015e9   Thumb Code   106  stm32f0xx_hal_uart.o(i.HAL_UART_Init)
    HAL_UART_MspInit                         0x08001655   Thumb Code    86  stm32f0xx_hal_msp.o(i.HAL_UART_MspInit)
    HAL_UART_Receive                         0x080016b9   Thumb Code   234  stm32f0xx_hal_uart.o(i.HAL_UART_Receive)
    HAL_UART_Transmit                        0x080017a9   Thumb Code   206  stm32f0xx_hal_uart.o(i.HAL_UART_Transmit)
    HardFault_Handler                        0x08001877   Thumb Code     2  stm32f0xx_it.o(i.HardFault_Handler)
    NMI_Handler                              0x08001979   Thumb Code     2  stm32f0xx_it.o(i.NMI_Handler)
    PendSV_Handler                           0x0800197b   Thumb Code     2  stm32f0xx_it.o(i.PendSV_Handler)
    SVC_Handler                              0x0800197d   Thumb Code     2  stm32f0xx_it.o(i.SVC_Handler)
    SysTick_Handler                          0x0800197f   Thumb Code     8  stm32f0xx_it.o(i.SysTick_Handler)
    SystemClock_Config                       0x08001987   Thumb Code    80  main.o(i.SystemClock_Config)
    SystemInit                               0x080019d7   Thumb Code     2  system_stm32f0xx.o(i.SystemInit)
    UART_AdvFeatureConfig                    0x080019d9   Thumb Code   202  stm32f0xx_hal_uart.o(i.UART_AdvFeatureConfig)
    UART_CheckIdleState                      0x08001aa5   Thumb Code    90  stm32f0xx_hal_uart.o(i.UART_CheckIdleState)
    UART_SetConfig                           0x08001b05   Thumb Code   300  stm32f0xx_hal_uart.o(i.UART_SetConfig)
    UART_WaitOnFlagUntilTimeout              0x08001c4d   Thumb Code   156  stm32f0xx_hal_uart.o(i.UART_WaitOnFlagUntilTimeout)
    __0sprintf                               0x08001ce9   Thumb Code    36  printfa.o(i.__0sprintf)
    __1sprintf                               0x08001ce9   Thumb Code     0  printfa.o(i.__0sprintf)
    __2sprintf                               0x08001ce9   Thumb Code     0  printfa.o(i.__0sprintf)
    __c89sprintf                             0x08001ce9   Thumb Code     0  printfa.o(i.__0sprintf)
    sprintf                                  0x08001ce9   Thumb Code     0  printfa.o(i.__0sprintf)
    __ARM_clz                                0x08001d11   Thumb Code    46  depilogue.o(i.__ARM_clz)
    __ARM_common_ll_muluu                    0x08001d3f   Thumb Code    48  stm32f0xx_hal_rcc.o(i.__ARM_common_ll_muluu)
    __scatterload_copy                       0x08001db5   Thumb Code    14  handlers.o(i.__scatterload_copy)
    __scatterload_null                       0x08001dc3   Thumb Code     2  handlers.o(i.__scatterload_null)
    __scatterload_zeroinit                   0x08001dc5   Thumb Code    14  handlers.o(i.__scatterload_zeroinit)
    calculateMoisture                        0x0800268d   Thumb Code    56  moisture.o(i.calculateMoisture)
    checkRawLightData                        0x080026d5   Thumb Code    18  lightsensor.o(i.checkRawLightData)
    closeConnection                          0x080026f1   Thumb Code    24  wifi.o(i.closeConnection)
    connectToRouter                          0x08002719   Thumb Code    30  wifi.o(i.connectToRouter)
    connectToWifi                            0x08002765   Thumb Code    44  wifi.o(i.connectToWifi)
    createPostMessage                        0x08002791   Thumb Code    84  wifi.o(i.createPostMessage)
    getDraughtThreshhold                     0x080027fd   Thumb Code    14  moisture.o(i.getDraughtThreshhold)
    initateConnection                        0x08002811   Thumb Code    30  wifi.o(i.initateConnection)
    initiateLightTransmission                0x08002835   Thumb Code    40  wifi.o(i.initiateLightTransmission)
    initiateMoistureTransmission             0x0800285d   Thumb Code    40  wifi.o(i.initiateMoistureTransmission)
    loop                                     0x08002885   Thumb Code    76  controller.o(i.loop)
    main                                     0x080028e1   Thumb Code    36  main.o(i.main)
    plantTooDryCheck                         0x08002909   Thumb Code    24  controller.o(i.plantTooDryCheck)
    restoreWiFi                              0x08002921   Thumb Code    24  wifi.o(i.restoreWiFi)
    roundf                                   0x08002949   Thumb Code   116  roundf.o(i.roundf)
    sendLightData                            0x080029bd   Thumb Code    42  wifi.o(i.sendLightData)
    sendMoistureData                         0x080029f1   Thumb Code    42  wifi.o(i.sendMoistureData)
    setBlueLED                               0x08002a25   Thumb Code    16  displaylight.o(i.setBlueLED)
    setCWMode                                0x08002a39   Thumb Code    24  wifi.o(i.setCWMode)
    setDraughtThreshhold                     0x08002a61   Thumb Code    10  moisture.o(i.setDraughtThreshhold)
    setGreenLED                              0x08002a71   Thumb Code    16  displaylight.o(i.setGreenLED)
    setLightData                             0x08002a85   Thumb Code    34  lightsensor.o(i.setLightData)
    setMux                                   0x08002ab5   Thumb Code    24  wifi.o(i.setMux)
    setSSLbuffer                             0x08002add   Thumb Code    30  wifi.o(i.setSSLbuffer)
    setupWifi                                0x08002b15   Thumb Code    24  controller.o(i.setupWifi)
    startController                          0x08002b2d   Thumb Code    22  controller.o(i.startController)
    transmit                                 0x08002b49   Thumb Code    44  wifi.o(i.transmit)
    updateDatabase                           0x08002b79   Thumb Code    38  controller.o(i.updateDatabase)
    updateSensorValues                       0x08002ba9   Thumb Code    12  main.o(i.updateSensorValues)
    moistureSensorPinIndex                   0x08002bbc   Data           4  constants.o(.constdata)
    lightSensorPinIndex                      0x08002bc0   Data           4  constants.o(.constdata)
    UPLOADLIGHT                              0x08002bc4   Data           4  constants.o(.constdata)
    UPLOADMOISTURE                           0x08002bc8   Data           4  constants.o(.constdata)
    LOOPDELAY                                0x08002bcc   Data           4  constants.o(.constdata)
    DROUGHTTHRESHHOLD                        0x08002bd0   Data           4  constants.o(.constdata)
    AHBPrescTable                            0x08002bd4   Data          16  system_stm32f0xx.o(.constdata)
    APBPrescTable                            0x08002be4   Data           8  system_stm32f0xx.o(.constdata)
    Region$$Table$$Base                      0x08002d40   Number         0  anon$$obj.o(Region$$Table)
    Region$$Table$$Limit                     0x08002d60   Number         0  anon$$obj.o(Region$$Table)
    ADC_i                                    0x20000000   Data           4  main.o(.data)
    ADC_raw                                  0x20000004   Data           8  main.o(.data)
    draughtThreshhold                        0x2000000c   Data           4  moisture.o(.data)
    moistureThreshhold                       0x20000010   Data           4  moisture.o(.data)
    currentMoisture                          0x20000014   Data           4  moisture.o(.data)
    uwTickFreq                               0x20000018   Data           1  stm32f0xx_hal.o(.data)
    uwTickPrio                               0x2000001c   Data           4  stm32f0xx_hal.o(.data)
    uwTick                                   0x20000020   Data           4  stm32f0xx_hal.o(.data)
    SystemCoreClock                          0x20000024   Data           4  system_stm32f0xx.o(.data)
    hadc                                     0x20000028   Data          64  main.o(.bss)
    huart2                                   0x20000068   Data         128  main.o(.bss)
    postBuffer                               0x200000e8   Data         256  wifi.o(.bss)
    receiveBuffer                            0x200001e8   Data         512  wifi.o(.bss)
    __initial_sp                             0x200007e8   Data           0  startup_stm32f051x8.o(STACK)



==============================================================================

Memory Map of the image

  Image Entry point : 0x080000bd

  Load Region LR_IROM1 (Base: 0x08000000, Size: 0x00002d88, Max: 0x00010000, ABSOLUTE)

    Execution Region ER_IROM1 (Exec base: 0x08000000, Load base: 0x08000000, Size: 0x00002d60, Max: 0x00010000, ABSOLUTE)

    Exec Addr    Load Addr    Size         Type   Attr      Idx    E Section Name        Object

    0x08000000   0x08000000   0x000000bc   Data   RO            3    RESET               startup_stm32f051x8.o
    0x080000bc   0x080000bc   0x00000000   Code   RO         2660  * .ARM.Collect$$$$00000000  mc_p.l(entry.o)
    0x080000bc   0x080000bc   0x00000004   Code   RO         2956    .ARM.Collect$$$$00000001  mc_p.l(entry2.o)
    0x080000c0   0x080000c0   0x00000004   Code   RO         2959    .ARM.Collect$$$$00000004  mc_p.l(entry5.o)
    0x080000c4   0x080000c4   0x00000000   Code   RO         2961    .ARM.Collect$$$$00000008  mc_p.l(entry7b.o)
    0x080000c4   0x080000c4   0x00000000   Code   RO         2963    .ARM.Collect$$$$0000000A  mc_p.l(entry8b.o)
    0x080000c4   0x080000c4   0x00000008   Code   RO         2964    .ARM.Collect$$$$0000000B  mc_p.l(entry9a.o)
    0x080000cc   0x080000cc   0x00000000   Code   RO         2966    .ARM.Collect$$$$0000000D  mc_p.l(entry10a.o)
    0x080000cc   0x080000cc   0x00000000   Code   RO         2968    .ARM.Collect$$$$0000000F  mc_p.l(entry11a.o)
    0x080000cc   0x080000cc   0x00000004   Code   RO         2957    .ARM.Collect$$$$00002712  mc_p.l(entry2.o)
    0x080000d0   0x080000d0   0x0000001c   Code   RO            4    .text               startup_stm32f051x8.o
    0x080000ec   0x080000ec   0x0000002c   Code   RO         2663    .text               mc_p.l(uidiv.o)
    0x08000118   0x08000118   0x00000060   Code   RO         2665    .text               mc_p.l(uldiv.o)
    0x08000178   0x08000178   0x00000022   Code   RO         2667    .text               mc_p.l(llushr.o)
    0x0800019a   0x0800019a   0x00000024   Code   RO         2669    .text               mc_p.l(memcpya.o)
    0x080001be   0x080001be   0x00000024   Code   RO         2671    .text               mc_p.l(memseta.o)
    0x080001e2   0x080001e2   0x000000b2   Code   RO         2936    .text               mf_p.l(fadd.o)
    0x08000294   0x08000294   0x00000164   Code   RO         2938    .text               mf_p.l(dadd.o)
    0x080003f8   0x080003f8   0x000000d0   Code   RO         2940    .text               mf_p.l(dmul.o)
    0x080004c8   0x080004c8   0x000000f0   Code   RO         2942    .text               mf_p.l(ddiv.o)
    0x080005b8   0x080005b8   0x0000000e   Code   RO         2944    .text               mf_p.l(ffltui.o)
    0x080005c6   0x080005c6   0x00000002   PAD
    0x080005c8   0x080005c8   0x00000028   Code   RO         2946    .text               mf_p.l(dflti.o)
    0x080005f0   0x080005f0   0x00000032   Code   RO         2948    .text               mf_p.l(ffixi.o)
    0x08000622   0x08000622   0x00000002   PAD
    0x08000624   0x08000624   0x00000048   Code   RO         2950    .text               mf_p.l(dfixi.o)
    0x0800066c   0x0800066c   0x00000028   Code   RO         2952    .text               mf_p.l(f2d.o)
    0x08000694   0x08000694   0x00000038   Code   RO         2954    .text               mf_p.l(d2f.o)
    0x080006cc   0x080006cc   0x00000020   Code   RO         2973    .text               mc_p.l(llshl.o)
    0x080006ec   0x080006ec   0x00000026   Code   RO         2975    .text               mc_p.l(llsshr.o)
    0x08000712   0x08000712   0x00000000   Code   RO         2977    .text               mc_p.l(iusefp.o)
    0x08000712   0x08000712   0x00000082   Code   RO         2978    .text               mf_p.l(fepilogue.o)
    0x08000794   0x08000794   0x0000003e   Code   RO         2980    .text               mf_p.l(frnd.o)
    0x080007d2   0x080007d2   0x000000be   Code   RO         2982    .text               mf_p.l(depilogue.o)
    0x08000890   0x08000890   0x00000040   Code   RO         2986    .text               mf_p.l(dfixul.o)
    0x080008d0   0x080008d0   0x00000028   Code   RO         2988    .text               mf_p.l(cdrcmple.o)
    0x080008f8   0x080008f8   0x00000024   Code   RO         2990    .text               mc_p.l(init.o)
    0x0800091c   0x0800091c   0x00000010   Code   RO          180    i.ADC1_COMP_IRQHandler  stm32f0xx_it.o
    0x0800092c   0x0800092c   0x00000084   Code   RO          568    i.ADC_Enable        stm32f0xx_hal_adc.o
    0x080009b0   0x080009b0   0x0000012c   Code   RO          570    i.HAL_ADC_ConfigChannel  stm32f0xx_hal_adc.o
    0x08000adc   0x08000adc   0x00000034   Code   RO           13    i.HAL_ADC_ConvCpltCallback  main.o
    0x08000b10   0x08000b10   0x00000002   Code   RO          574    i.HAL_ADC_ErrorCallback  stm32f0xx_hal_adc.o
    0x08000b12   0x08000b12   0x00000006   Code   RO          577    i.HAL_ADC_GetValue  stm32f0xx_hal_adc.o
    0x08000b18   0x08000b18   0x000000d0   Code   RO          578    i.HAL_ADC_IRQHandler  stm32f0xx_hal_adc.o
    0x08000be8   0x08000be8   0x00000178   Code   RO          579    i.HAL_ADC_Init      stm32f0xx_hal_adc.o
    0x08000d60   0x08000d60   0x00000002   Code   RO          580    i.HAL_ADC_LevelOutOfWindowCallback  stm32f0xx_hal_adc.o
    0x08000d62   0x08000d62   0x00000002   PAD
    0x08000d64   0x08000d64   0x00000068   Code   RO          235    i.HAL_ADC_MspInit   stm32f0xx_hal_msp.o
    0x08000dcc   0x08000dcc   0x0000007c   Code   RO          587    i.HAL_ADC_Start_IT  stm32f0xx_hal_adc.o
    0x08000e48   0x08000e48   0x00000024   Code   RO          890    i.HAL_Delay         stm32f0xx_hal.o
    0x08000e6c   0x08000e6c   0x00000148   Code   RO         1549    i.HAL_GPIO_Init     stm32f0xx_hal_gpio.o
    0x08000fb4   0x08000fb4   0x0000000c   Code   RO         1553    i.HAL_GPIO_WritePin  stm32f0xx_hal_gpio.o
    0x08000fc0   0x08000fc0   0x0000000c   Code   RO          894    i.HAL_GetTick       stm32f0xx_hal.o
    0x08000fcc   0x08000fcc   0x00000010   Code   RO          900    i.HAL_IncTick       stm32f0xx_hal.o
    0x08000fdc   0x08000fdc   0x00000020   Code   RO          901    i.HAL_Init          stm32f0xx_hal.o
    0x08000ffc   0x08000ffc   0x00000044   Code   RO          902    i.HAL_InitTick      stm32f0xx_hal.o
    0x08001040   0x08001040   0x00000028   Code   RO          236    i.HAL_MspInit       stm32f0xx_hal_msp.o
    0x08001068   0x08001068   0x00000018   Code   RO         1708    i.HAL_NVIC_EnableIRQ  stm32f0xx_hal_cortex.o
    0x08001080   0x08001080   0x00000008   Code   RO         1712    i.HAL_NVIC_SetPriority  stm32f0xx_hal_cortex.o
    0x08001088   0x08001088   0x00000108   Code   RO          760    i.HAL_RCC_ClockConfig  stm32f0xx_hal_rcc.o
    0x08001190   0x08001190   0x00000020   Code   RO          767    i.HAL_RCC_GetPCLK1Freq  stm32f0xx_hal_rcc.o
    0x080011b0   0x080011b0   0x00000080   Code   RO          768    i.HAL_RCC_GetSysClockFreq  stm32f0xx_hal_rcc.o
    0x08001230   0x08001230   0x00000388   Code   RO          771    i.HAL_RCC_OscConfig  stm32f0xx_hal_rcc.o
    0x080015b8   0x080015b8   0x00000030   Code   RO         1716    i.HAL_SYSTICK_Config  stm32f0xx_hal_cortex.o
    0x080015e8   0x080015e8   0x0000006a   Code   RO         2234    i.HAL_UART_Init     stm32f0xx_hal_uart.o
    0x08001652   0x08001652   0x00000002   PAD
    0x08001654   0x08001654   0x00000064   Code   RO          238    i.HAL_UART_MspInit  stm32f0xx_hal_msp.o
    0x080016b8   0x080016b8   0x000000f0   Code   RO         2237    i.HAL_UART_Receive  stm32f0xx_hal_uart.o
    0x080017a8   0x080017a8   0x000000ce   Code   RO         2243    i.HAL_UART_Transmit  stm32f0xx_hal_uart.o
    0x08001876   0x08001876   0x00000002   Code   RO          181    i.HardFault_Handler  stm32f0xx_it.o
    0x08001878   0x08001878   0x00000060   Code   RO           14    i.MX_ADC_Init       main.o
    0x080018d8   0x080018d8   0x00000070   Code   RO           15    i.MX_GPIO_Init      main.o
    0x08001948   0x08001948   0x00000030   Code   RO           16    i.MX_USART2_UART_Init  main.o
    0x08001978   0x08001978   0x00000002   Code   RO          182    i.NMI_Handler       stm32f0xx_it.o
    0x0800197a   0x0800197a   0x00000002   Code   RO          183    i.PendSV_Handler    stm32f0xx_it.o
    0x0800197c   0x0800197c   0x00000002   Code   RO          184    i.SVC_Handler       stm32f0xx_it.o
    0x0800197e   0x0800197e   0x00000008   Code   RO          185    i.SysTick_Handler   stm32f0xx_it.o
    0x08001986   0x08001986   0x00000050   Code   RO           17    i.SystemClock_Config  main.o
    0x080019d6   0x080019d6   0x00000002   Code   RO         2627    i.SystemInit        system_stm32f0xx.o
    0x080019d8   0x080019d8   0x000000ca   Code   RO         2248    i.UART_AdvFeatureConfig  stm32f0xx_hal_uart.o
    0x08001aa2   0x08001aa2   0x00000002   PAD
    0x08001aa4   0x08001aa4   0x00000060   Code   RO         2249    i.UART_CheckIdleState  stm32f0xx_hal_uart.o
    0x08001b04   0x08001b04   0x00000148   Code   RO         2264    i.UART_SetConfig    stm32f0xx_hal_uart.o
    0x08001c4c   0x08001c4c   0x0000009c   Code   RO         2267    i.UART_WaitOnFlagUntilTimeout  stm32f0xx_hal_uart.o
    0x08001ce8   0x08001ce8   0x00000028   Code   RO         2910    i.__0sprintf        mc_p.l(printfa.o)
    0x08001d10   0x08001d10   0x0000002e   Code   RO         2984    i.__ARM_clz         mf_p.l(depilogue.o)
    0x08001d3e   0x08001d3e   0x00000030   Code   RO          845    i.__ARM_common_ll_muluu  stm32f0xx_hal_rcc.o
    0x08001d6e   0x08001d6e   0x00000002   PAD
    0x08001d70   0x08001d70   0x00000044   Code   RO         1718    i.__NVIC_SetPriority  stm32f0xx_hal_cortex.o
    0x08001db4   0x08001db4   0x0000000e   Code   RO         2996    i.__scatterload_copy  mc_p.l(handlers.o)
    0x08001dc2   0x08001dc2   0x00000002   Code   RO         2997    i.__scatterload_null  mc_p.l(handlers.o)
    0x08001dc4   0x08001dc4   0x0000000e   Code   RO         2998    i.__scatterload_zeroinit  mc_p.l(handlers.o)
    0x08001dd2   0x08001dd2   0x00000002   PAD
    0x08001dd4   0x08001dd4   0x00000174   Code   RO         2915    i._fp_digits        mc_p.l(printfa.o)
    0x08001f48   0x08001f48   0x000006ec   Code   RO         2916    i._printf_core      mc_p.l(printfa.o)
    0x08002634   0x08002634   0x00000020   Code   RO         2917    i._printf_post_padding  mc_p.l(printfa.o)
    0x08002654   0x08002654   0x0000002c   Code   RO         2918    i._printf_pre_padding  mc_p.l(printfa.o)
    0x08002680   0x08002680   0x0000000a   Code   RO         2920    i._sputc            mc_p.l(printfa.o)
    0x0800268a   0x0800268a   0x00000002   PAD
    0x0800268c   0x0800268c   0x00000048   Code   RO          476    i.calculateMoisture  moisture.o
    0x080026d4   0x080026d4   0x0000001c   Code   RO          393    i.checkRawLightData  lightsensor.o
    0x080026f0   0x080026f0   0x00000028   Code   RO          278    i.closeConnection   wifi.o
    0x08002718   0x08002718   0x0000004c   Code   RO          279    i.connectToRouter   wifi.o
    0x08002764   0x08002764   0x0000002c   Code   RO          280    i.connectToWifi     wifi.o
    0x08002790   0x08002790   0x0000006c   Code   RO          281    i.createPostMessage  wifi.o
    0x080027fc   0x080027fc   0x00000014   Code   RO          477    i.getDraughtThreshhold  moisture.o
    0x08002810   0x08002810   0x00000024   Code   RO          284    i.initateConnection  wifi.o
    0x08002834   0x08002834   0x00000028   Code   RO          285    i.initiateLightTransmission  wifi.o
    0x0800285c   0x0800285c   0x00000028   Code   RO          286    i.initiateMoistureTransmission  wifi.o
    0x08002884   0x08002884   0x0000005c   Code   RO          420    i.loop              controller.o
    0x080028e0   0x080028e0   0x00000028   Code   RO           18    i.main              main.o
    0x08002908   0x08002908   0x00000018   Code   RO          421    i.plantTooDryCheck  controller.o
    0x08002920   0x08002920   0x00000028   Code   RO          288    i.restoreWiFi       wifi.o
    0x08002948   0x08002948   0x00000074   Code   RO         2658    i.roundf            m_ps.l(roundf.o)
    0x080029bc   0x080029bc   0x00000034   Code   RO          289    i.sendLightData     wifi.o
    0x080029f0   0x080029f0   0x00000034   Code   RO          290    i.sendMoistureData  wifi.o
    0x08002a24   0x08002a24   0x00000014   Code   RO          537    i.setBlueLED        displaylight.o
    0x08002a38   0x08002a38   0x00000028   Code   RO          291    i.setCWMode         wifi.o
    0x08002a60   0x08002a60   0x00000010   Code   RO          480    i.setDraughtThreshhold  moisture.o
    0x08002a70   0x08002a70   0x00000014   Code   RO          538    i.setGreenLED       displaylight.o
    0x08002a84   0x08002a84   0x00000030   Code   RO          394    i.setLightData      lightsensor.o
    0x08002ab4   0x08002ab4   0x00000028   Code   RO          292    i.setMux            wifi.o
    0x08002adc   0x08002adc   0x00000038   Code   RO          293    i.setSSLbuffer      wifi.o
    0x08002b14   0x08002b14   0x00000018   Code   RO          422    i.setupWifi         controller.o
    0x08002b2c   0x08002b2c   0x0000001c   Code   RO          423    i.startController   controller.o
    0x08002b48   0x08002b48   0x00000030   Code   RO          294    i.transmit          wifi.o
    0x08002b78   0x08002b78   0x00000030   Code   RO          424    i.updateDatabase    controller.o
    0x08002ba8   0x08002ba8   0x00000014   Code   RO           19    i.updateSensorValues  main.o
    0x08002bbc   0x08002bbc   0x00000004   Data   RO          518    .constdata          constants.o
    0x08002bc0   0x08002bc0   0x00000004   Data   RO          519    .constdata          constants.o
    0x08002bc4   0x08002bc4   0x00000004   Data   RO          520    .constdata          constants.o
    0x08002bc8   0x08002bc8   0x00000004   Data   RO          521    .constdata          constants.o
    0x08002bcc   0x08002bcc   0x00000004   Data   RO          522    .constdata          constants.o
    0x08002bd0   0x08002bd0   0x00000004   Data   RO          523    .constdata          constants.o
    0x08002bd4   0x08002bd4   0x00000010   Data   RO         2628    .constdata          system_stm32f0xx.o
    0x08002be4   0x08002be4   0x00000008   Data   RO         2629    .constdata          system_stm32f0xx.o
    0x08002bec   0x08002bec   0x00000154   Data   RO          296    .conststring        wifi.o
    0x08002d40   0x08002d40   0x00000020   Data   RO         2994    Region$$Table       anon$$obj.o


    Execution Region RW_IRAM1 (Exec base: 0x20000000, Load base: 0x08002d60, Size: 0x000007e8, Max: 0x00002000, ABSOLUTE)

    Exec Addr    Load Addr    Size         Type   Attr      Idx    E Section Name        Object

    0x20000000   0x08002d60   0x0000000c   Data   RW           21    .data               main.o
    0x2000000c   0x08002d6c   0x0000000c   Data   RW          482    .data               moisture.o
    0x20000018   0x08002d78   0x0000000c   Data   RW          908    .data               stm32f0xx_hal.o
    0x20000024   0x08002d84   0x00000004   Data   RW         2630    .data               system_stm32f0xx.o
    0x20000028        -       0x000000c0   Zero   RW           20    .bss                main.o
    0x200000e8        -       0x00000300   Zero   RW          295    .bss                wifi.o
    0x200003e8        -       0x00000400   Zero   RW            1    STACK               startup_stm32f051x8.o


==============================================================================

Image component sizes


      Code (inc. data)   RO Data    RW Data    ZI Data      Debug   Object Name

         0          0         24          0          0        464   constants.o
       216         32          0          0          0       3189   controller.o
        40          8          0          0          0        927   displaylight.o
        76         24          0          0          0       1431   lightsensor.o
       448         44          0         12        192     292314   main.o
       108         28          0         12          0       2207   moisture.o
        28          8        188          0       1024        612   startup_stm32f051x8.o
       164         30          0         12          0       8033   stm32f0xx_hal.o
      1150         42          0          0          0       6381   stm32f0xx_hal_adc.o
       148         24          0          0          0      10217   stm32f0xx_hal_cortex.o
       340         26          0          0          0       2188   stm32f0xx_hal_gpio.o
       244         30          0          0          0       2083   stm32f0xx_hal_msp.o
      1376         92          0          0          0       4549   stm32f0xx_hal_rcc.o
      1334         40          0          0          0       7332   stm32f0xx_hal_uart.o
        32          6          0          0          0       2422   stm32f0xx_it.o
         2          0         24          4          0       1031   system_stm32f0xx.o
       712        190        340          0        768       8880   wifi.o

    ----------------------------------------------------------------------
      6426        624        608         40       1984     354260   Object Totals
         0          0         32          0          0          0   (incl. Generated)
         8          0          0          0          0          0   (incl. Padding)

    ----------------------------------------------------------------------

      Code (inc. data)   RO Data    RW Data    ZI Data      Debug   Library Member Name

       116          0          0          0          0         72   roundf.o
         0          0          0          0          0          0   entry.o
         0          0          0          0          0          0   entry10a.o
         0          0          0          0          0          0   entry11a.o
         8          4          0          0          0          0   entry2.o
         4          0          0          0          0          0   entry5.o
         0          0          0          0          0          0   entry7b.o
         0          0          0          0          0          0   entry8b.o
         8          4          0          0          0          0   entry9a.o
        30          0          0          0          0          0   handlers.o
        36          8          0          0          0         68   init.o
         0          0          0          0          0          0   iusefp.o
        32          0          0          0          0         68   llshl.o
        38          0          0          0          0         68   llsshr.o
        34          0          0          0          0         68   llushr.o
        36          0          0          0          0         60   memcpya.o
        36          0          0          0          0        100   memseta.o
      2270         94          0          0          0        472   printfa.o
        44          0          0          0          0         72   uidiv.o
        96          0          0          0          0         84   uldiv.o
        40          2          0          0          0         68   cdrcmple.o
        56          0          0          0          0         68   d2f.o
       356          4          0          0          0        140   dadd.o
       240          6          0          0          0         84   ddiv.o
       236          0          0          0          0        216   depilogue.o
        72         10          0          0          0         72   dfixi.o
        64         10          0          0          0         68   dfixul.o
        40          6          0          0          0         68   dflti.o
       208          6          0          0          0         88   dmul.o
        40          0          0          0          0         60   f2d.o
       178          0          0          0          0        108   fadd.o
       130          0          0          0          0        144   fepilogue.o
        50          0          0          0          0         60   ffixi.o
        14          0          0          0          0         68   ffltui.o
        62          0          0          0          0         68   frnd.o

    ----------------------------------------------------------------------
      4582        154          0          0          0       2512   Library Totals
         8          0          0          0          0          0   (incl. Padding)

    ----------------------------------------------------------------------

      Code (inc. data)   RO Data    RW Data    ZI Data      Debug   Library Name

       116          0          0          0          0         72   m_ps.l
      2672        110          0          0          0       1060   mc_p.l
      1786         44          0          0          0       1380   mf_p.l

    ----------------------------------------------------------------------
      4582        154          0          0          0       2512   Library Totals

    ----------------------------------------------------------------------

==============================================================================


      Code (inc. data)   RO Data    RW Data    ZI Data      Debug   

     11008        778        608         40       1984     352516   Grand Totals
     11008        778        608         40       1984     352516   ELF Image Totals
     11008        778        608         40          0          0   ROM Totals

==============================================================================

    Total RO  Size (Code + RO Data)                11616 (  11.34kB)
    Total RW  Size (RW Data + ZI Data)              2024 (   1.98kB)
    Total ROM Size (Code + RO Data + RW Data)      11656 (  11.38kB)

==============================================================================

